Archive member included to satisfy reference by file (symbol)

C:/ST/STM32CubeIDE_1.16.0/STM32CubeIDE/plugins/com.st.stm32cube.ide.mcu.externaltools.gnu-tools-for-stm32.12.3.rel1.win32_1.0.200.202406191623/tools/bin/../lib/gcc/arm-none-eabi/12.3.1/../../../../arm-none-eabi/lib/thumb/v7-m/nofp\libc_nano.a(libc_a-exit.o)
                              C:/ST/STM32CubeIDE_1.16.0/STM32CubeIDE/plugins/com.st.stm32cube.ide.mcu.externaltools.gnu-tools-for-stm32.12.3.rel1.win32_1.0.200.202406191623/tools/bin/../lib/gcc/arm-none-eabi/12.3.1/../../../../arm-none-eabi/lib/thumb/v7-m/nofp/crt0.o (exit)
C:/ST/STM32CubeIDE_1.16.0/STM32CubeIDE/plugins/com.st.stm32cube.ide.mcu.externaltools.gnu-tools-for-stm32.12.3.rel1.win32_1.0.200.202406191623/tools/bin/../lib/gcc/arm-none-eabi/12.3.1/../../../../arm-none-eabi/lib/thumb/v7-m/nofp\libc_nano.a(libc_a-findfp.o)
                              C:/ST/STM32CubeIDE_1.16.0/STM32CubeIDE/plugins/com.st.stm32cube.ide.mcu.externaltools.gnu-tools-for-stm32.12.3.rel1.win32_1.0.200.202406191623/tools/bin/../lib/gcc/arm-none-eabi/12.3.1/../../../../arm-none-eabi/lib/thumb/v7-m/nofp\libc_nano.a(libc_a-exit.o) (__stdio_exit_handler)
C:/ST/STM32CubeIDE_1.16.0/STM32CubeIDE/plugins/com.st.stm32cube.ide.mcu.externaltools.gnu-tools-for-stm32.12.3.rel1.win32_1.0.200.202406191623/tools/bin/../lib/gcc/arm-none-eabi/12.3.1/../../../../arm-none-eabi/lib/thumb/v7-m/nofp\libc_nano.a(libc_a-fwalk.o)
                              C:/ST/STM32CubeIDE_1.16.0/STM32CubeIDE/plugins/com.st.stm32cube.ide.mcu.externaltools.gnu-tools-for-stm32.12.3.rel1.win32_1.0.200.202406191623/tools/bin/../lib/gcc/arm-none-eabi/12.3.1/../../../../arm-none-eabi/lib/thumb/v7-m/nofp\libc_nano.a(libc_a-findfp.o) (_fwalk_sglue)
C:/ST/STM32CubeIDE_1.16.0/STM32CubeIDE/plugins/com.st.stm32cube.ide.mcu.externaltools.gnu-tools-for-stm32.12.3.rel1.win32_1.0.200.202406191623/tools/bin/../lib/gcc/arm-none-eabi/12.3.1/../../../../arm-none-eabi/lib/thumb/v7-m/nofp\libc_nano.a(libc_a-printf.o)
                              ./Core/Src/stm32f1xx_it.o (printf)
C:/ST/STM32CubeIDE_1.16.0/STM32CubeIDE/plugins/com.st.stm32cube.ide.mcu.externaltools.gnu-tools-for-stm32.12.3.rel1.win32_1.0.200.202406191623/tools/bin/../lib/gcc/arm-none-eabi/12.3.1/../../../../arm-none-eabi/lib/thumb/v7-m/nofp\libc_nano.a(libc_a-sprintf.o)
                              ./Core/Src/oled_controller.o (sprintf)
C:/ST/STM32CubeIDE_1.16.0/STM32CubeIDE/plugins/com.st.stm32cube.ide.mcu.externaltools.gnu-tools-for-stm32.12.3.rel1.win32_1.0.200.202406191623/tools/bin/../lib/gcc/arm-none-eabi/12.3.1/../../../../arm-none-eabi/lib/thumb/v7-m/nofp\libc_nano.a(libc_a-stdio.o)
                              C:/ST/STM32CubeIDE_1.16.0/STM32CubeIDE/plugins/com.st.stm32cube.ide.mcu.externaltools.gnu-tools-for-stm32.12.3.rel1.win32_1.0.200.202406191623/tools/bin/../lib/gcc/arm-none-eabi/12.3.1/../../../../arm-none-eabi/lib/thumb/v7-m/nofp\libc_nano.a(libc_a-findfp.o) (__sread)
C:/ST/STM32CubeIDE_1.16.0/STM32CubeIDE/plugins/com.st.stm32cube.ide.mcu.externaltools.gnu-tools-for-stm32.12.3.rel1.win32_1.0.200.202406191623/tools/bin/../lib/gcc/arm-none-eabi/12.3.1/../../../../arm-none-eabi/lib/thumb/v7-m/nofp\libc_nano.a(libc_a-memset.o)
                              C:/ST/STM32CubeIDE_1.16.0/STM32CubeIDE/plugins/com.st.stm32cube.ide.mcu.externaltools.gnu-tools-for-stm32.12.3.rel1.win32_1.0.200.202406191623/tools/bin/../lib/gcc/arm-none-eabi/12.3.1/../../../../arm-none-eabi/lib/thumb/v7-m/nofp/crt0.o (memset)
C:/ST/STM32CubeIDE_1.16.0/STM32CubeIDE/plugins/com.st.stm32cube.ide.mcu.externaltools.gnu-tools-for-stm32.12.3.rel1.win32_1.0.200.202406191623/tools/bin/../lib/gcc/arm-none-eabi/12.3.1/../../../../arm-none-eabi/lib/thumb/v7-m/nofp\libc_nano.a(libc_a-closer.o)
                              C:/ST/STM32CubeIDE_1.16.0/STM32CubeIDE/plugins/com.st.stm32cube.ide.mcu.externaltools.gnu-tools-for-stm32.12.3.rel1.win32_1.0.200.202406191623/tools/bin/../lib/gcc/arm-none-eabi/12.3.1/../../../../arm-none-eabi/lib/thumb/v7-m/nofp\libc_nano.a(libc_a-stdio.o) (_close_r)
C:/ST/STM32CubeIDE_1.16.0/STM32CubeIDE/plugins/com.st.stm32cube.ide.mcu.externaltools.gnu-tools-for-stm32.12.3.rel1.win32_1.0.200.202406191623/tools/bin/../lib/gcc/arm-none-eabi/12.3.1/../../../../arm-none-eabi/lib/thumb/v7-m/nofp\libc_nano.a(libc_a-reent.o)
                              C:/ST/STM32CubeIDE_1.16.0/STM32CubeIDE/plugins/com.st.stm32cube.ide.mcu.externaltools.gnu-tools-for-stm32.12.3.rel1.win32_1.0.200.202406191623/tools/bin/../lib/gcc/arm-none-eabi/12.3.1/../../../../arm-none-eabi/lib/thumb/v7-m/nofp\libc_nano.a(libc_a-closer.o) (errno)
C:/ST/STM32CubeIDE_1.16.0/STM32CubeIDE/plugins/com.st.stm32cube.ide.mcu.externaltools.gnu-tools-for-stm32.12.3.rel1.win32_1.0.200.202406191623/tools/bin/../lib/gcc/arm-none-eabi/12.3.1/../../../../arm-none-eabi/lib/thumb/v7-m/nofp\libc_nano.a(libc_a-impure.o)
[...]
Memory Configuration

Name             Origin             Length             Attributes
RAM              0x20000000         0x00005000         xrw
FLASH            0x08000000         0x00010000         xr
*default*        0x00000000         0xffffffff

Linker script and memory map

LOAD C:/ST/STM32CubeIDE_1.16.0/STM32CubeIDE/plugins/com.st.stm32cube.ide.mcu.externaltools.gnu-tools-for-stm32.12.3.rel1.win32_1.0.200.202406191623/tools/bin/../lib/gcc/arm-none-eabi/12.3.1/thumb/v7-m/nofp/crti.o
LOAD C:/ST/STM32CubeIDE_1.16.0/STM32CubeIDE/plugins/com.st.stm32cube.ide.mcu.externaltools.gnu-tools-for-stm32.12.3.rel1.win32_1.0.200.202406191623/tools/bin/../lib/gcc/arm-none-eabi/12.3.1/thumb/v7-m/nofp/crtbegin.o
LOAD C:/ST/STM32CubeIDE_1.16.0/STM32CubeIDE/plugins/com.st.stm32cube.ide.mcu.externaltools.gnu-tools-for-stm32.12.3.rel1.win32_1.0.200.202406191623/tools/bin/../lib/gcc/arm-none-eabi/12.3.1/../../../../arm-none-eabi/lib/thumb/v7-m/nofp/crt0.o
LOAD ./Core/Lib/Src/ds18b20.o
LOAD ./Core/Lib/Src/fonts.o
LOAD ./Core/Lib/Src/onewire.o
LOAD ./Core/Lib/Src/ssd1306.o
LOAD ./Core/Lib/Src/test.o
LOAD ./Core/Src/button_controller.o
LOAD ./Core/Src/fnd_controller.o
LOAD ./Core/Src/heater_controller.o
LOAD ./Core/Src/main.o
LOAD ./Core/Src/oled_controller.o
LOAD ./Core/Src/stm32f1xx_hal_msp.o
LOAD ./Core/Src/stm32f1xx_it.o
LOAD ./Core/Src/syscalls.o
LOAD ./Core/Src/sysmem.o
LOAD ./Core/Src/system_stm32f1xx.o
LOAD ./Core/Startup/startup_stm32f103c8tx.o
LOAD ./Drivers/STM32F1xx_HAL_Driver/Src/stm32f1xx_hal.o
LOAD ./Drivers/STM32F1xx_HAL_Driver/Src/stm32f1xx_hal_cortex.o
LOAD ./Drivers/STM32F1xx_HAL_Driver/Src/stm32f1xx_hal_dma.o
LOAD ./Drivers/STM32F1xx_HAL_Driver/Src/stm32f1xx_hal_exti.o
LOAD ./Drivers/STM32F1xx_HAL_Driver/Src/stm32f1xx_hal_flash.o
LOAD ./Drivers/STM32F1xx_HAL_Driver/Src/stm32f1xx_hal_flash_ex.o
LOAD ./Drivers/STM32F1xx_HAL_Driver/Src/stm32f1xx_hal_gpio.o
LOAD ./Drivers/STM32F1xx_HAL_Driver/Src/stm32f1xx_hal_gpio_ex.o
LOAD ./Drivers/STM32F1xx_HAL_Driver/Src/stm32f1xx_hal_i2c.o
LOAD ./Drivers/STM32F1xx_HAL_Driver/Src/stm32f1xx_hal_pwr.o
LOAD ./Drivers/STM32F1xx_HAL_Driver/Src/stm32f1xx_hal_rcc.o
LOAD ./Drivers/STM32F1xx_HAL_Driver/Src/stm32f1xx_hal_rcc_ex.o
LOAD ./Drivers/STM32F1xx_HAL_Driver/Src/stm32f1xx_hal_tim.o
LOAD ./Drivers/STM32F1xx_HAL_Driver/Src/stm32f1xx_hal_tim_ex.o
LOAD ./Drivers/STM32F1xx_HAL_Driver/Src/stm32f1xx_hal_uart.o
START GROUP
LOAD C:/ST/STM32CubeIDE_1.16.0/STM32CubeIDE/plugins/com.st.stm32cube.ide.mcu.externaltools.gnu-tools-for-stm32.12.3.rel1.win32_1.0.200.202406191623/tools/bin/../lib/gcc/arm-none-eabi/12.3.1/../../../../arm-none-eabi/lib/thumb/v7-m/nofp\libc_nano.a
LOAD C:/ST/STM32CubeIDE_1.16.0/STM32CubeIDE/plugins/com.st.stm32cube.ide.mcu.externaltools.gnu-tools-for-stm32.12.3.rel1.win32_1.0.200.202406191623/tools/bin/../lib/gcc/arm-none-eabi/12.3.1/../../../../arm-none-eabi/lib/thumb/v7-m/nofp\libm.a
END GROUP
START GROUP
LOAD C:/ST/STM32CubeIDE_1.16.0/STM32CubeIDE/plugins/com.st.stm32cube.ide.mcu.externaltools.gnu-tools-for-stm32.12.3.rel1.win32_1.0.200.202406191623/tools/bin/../lib/gcc/arm-none-eabi/12.3.1/thumb/v7-m/nofp\libgcc.a
LOAD C:/ST/STM32CubeIDE_1.16.0/STM32CubeIDE/plugins/com.st.stm32cube.ide.mcu.externaltools.gnu-tools-for-stm32.12.3.rel1.win32_1.0.200.202406191623/tools/bin/../lib/gcc/arm-none-eabi/12.3.1/../../../../arm-none-eabi/lib/thumb/v7-m/nofp\libc_nano.a
END GROUP
START GROUP
LOAD C:/ST/STM32CubeIDE_1.16.0/STM32CubeIDE/plugins/com.st.stm32cube.ide.mcu.externaltools.gnu-tools-for-stm32.12.3.rel1.win32_1.0.200.202406191623/tools/bin/../lib/gcc/arm-none-eabi/12.3.1/thumb/v7-m/nofp\libgcc.a
LOAD C:/ST/STM32CubeIDE_1.16.0/STM32CubeIDE/plugins/com.st.stm32cube.ide.mcu.externaltools.gnu-tools-for-stm32.12.3.rel1.win32_1.0.200.202406191623/tools/bin/../lib/gcc/arm-none-eabi/12.3.1/../../../../arm-none-eabi/lib/thumb/v7-m/nofp\libc_nano.a
LOAD C:/ST/STM32CubeIDE_1.16.0/STM32CubeIDE/plugins/com.st.stm32cube.ide.mcu.externaltools.gnu-tools-for-stm32.12.3.rel1.win32_1.0.200.202406191623/tools/bin/../lib/gcc/arm-none-eabi/12.3.1/../../../../arm-none-eabi/lib/thumb/v7-m/nofp\libnosys.a
END GROUP
START GROUP
LOAD C:/ST/STM32CubeIDE_1.16.0/STM32CubeIDE/plugins/com.st.stm32cube.ide.mcu.externaltools.gnu-tools-for-stm32.12.3.rel1.win32_1.0.200.202406191623/tools/bin/../lib/gcc/arm-none-eabi/12.3.1/thumb/v7-m/nofp\libgcc.a
LOAD C:/ST/STM32CubeIDE_1.16.0/STM32CubeIDE/plugins/com.st.stm32cube.ide.mcu.externaltools.gnu-tools-for-stm32.12.3.rel1.win32_1.0.200.202406191623/tools/bin/../lib/gcc/arm-none-eabi/12.3.1/../../../../arm-none-eabi/lib/thumb/v7-m/nofp\libc_nano.a
LOAD C:/ST/STM32CubeIDE_1.16.0/STM32CubeIDE/plugins/com.st.stm32cube.ide.mcu.externaltools.gnu-tools-for-stm32.12.3.rel1.win32_1.0.200.202406191623/tools/bin/../lib/gcc/arm-none-eabi/12.3.1/../../../../arm-none-eabi/lib/thumb/v7-m/nofp\libnosys.a
END GROUP
LOAD C:/ST/STM32CubeIDE_1.16.0/STM32CubeIDE/plugins/com.st.stm32cube.ide.mcu.externaltools.gnu-tools-for-stm32.12.3.rel1.win32_1.0.200.202406191623/tools/bin/../lib/gcc/arm-none-eabi/12.3.1/thumb/v7-m/nofp/crtend.o
LOAD C:/ST/STM32CubeIDE_1.16.0/STM32CubeIDE/plugins/com.st.stm32cube.ide.mcu.externaltools.gnu-tools-for-stm32.12.3.rel1.win32_1.0.200.202406191623/tools/bin/../lib/gcc/arm-none-eabi/12.3.1/thumb/v7-m/nofp/crtn.o
                0x20005000                        _estack = (ORIGIN (RAM) + LENGTH (RAM))
                0x00000200                        _Min_Heap_Size = 0x200
                0x00000400                        _Min_Stack_Size = 0x400

.isr_vector     0x08000000      0x10c
                0x08000000                        . = ALIGN (0x4)
 *(.isr_vector)
 .isr_vector    0x08000000      0x10c ./Core/Startup/startup_stm32f103c8tx.o
                0x08000000                g_pfnVectors
                0x0800010c                        . = ALIGN (0x4)

.text           0x0800010c     0x5d14
                0x0800010c                        . = ALIGN (0x4)
 *(.text)
 .text          0x0800010c       0x40 C:/ST/STM32CubeIDE_1.16.0/STM32CubeIDE/plugins/com.st.stm32cube.ide.mcu.externaltools.gnu-tools-for-stm32.12.3.rel1.win32_1.0.200.202406191623/tools/bin/../lib/gcc/arm-none-eabi/12.3.1/thumb/v7-m/nofp/crtbegin.o
 .text          0x0800014c      0x168 C:/ST/STM32CubeIDE_1.16.0/STM32CubeIDE/plugins/com.st.stm32cube.ide.mcu.externaltools.gnu-tools-for-stm32.12.3.rel1.win32_1.0.200.202406191623/tools/bin/../lib/gcc/arm-none-eabi/12.3.1/thumb/v7-m/nofp\libgcc.a(_arm_mulsf3.o)
                0x0800014c                __aeabi_fmul
                0x0800014c                __mulsf3
 .text          0x080002b4      0x21c C:/ST/STM32CubeIDE_1.16.0/STM32CubeIDE/plugins/com.st.stm32cube.ide.mcu.externaltools.gnu-tools-for-stm32.12.3.rel1.win32_1.0.200.202406191623/tools/bin/../lib/gcc/arm-none-eabi/12.3.1/thumb/v7-m/nofp\libgcc.a(_arm_addsubsf3.o)
                0x080002b4                __aeabi_frsub
                0x080002bc                __subsf3
                0x080002bc                __aeabi_fsub
                0x080002c0                __aeabi_fadd
                0x080002c0                __addsf3
                0x08000420                __aeabi_ui2f
                0x08000420                __floatunsisf
                0x08000428                __aeabi_i2f
                0x08000428                __floatsisf
                0x08000444                __aeabi_ul2f
                0x08000444                __floatundisf
                0x08000454                __aeabi_l2f
                0x08000454                __floatdisf
 .text          0x080004d0       0x4c C:/ST/STM32CubeIDE_1.16.0/STM32CubeIDE/plugins/com.st.stm32cube.ide.mcu.externaltools.gnu-tools-for-stm32.12.3.rel1.win32_1.0.200.202406191623/tools/bin/../lib/gcc/arm-none-eabi/12.3.1/thumb/v7-m/nofp\libgcc.a(_arm_fixsfsi.o)
                0x080004d0                __aeabi_f2iz
                0x080004d0                __fixsfsi
 *(.text*)
 .text.Ds18b20_Init
                0x0800051c      0x100 ./Core/Lib/Src/ds18b20.o
                0x0800051c                Ds18b20_Init
 .text.Ds18b20_ManualConvert
                0x0800061c       0xf4 ./Core/Lib/Src/ds18b20.o
                0x0800061c                Ds18b20_ManualConvert
 .text.DS18B20_StartAll
                0x08000710       0x26 ./Core/Lib/Src/ds18b20.o
                0x08000710                DS18B20_StartAll
 *fill*         0x08000736        0x2 
 .text.DS18B20_Read
                0x08000738      0x200 ./Core/Lib/Src/ds18b20.o
                0x08000738                DS18B20_Read
 .text.DS18B20_SetResolution
                0x08000938      0x110 ./Core/Lib/Src/ds18b20.o
                0x08000938                DS18B20_SetResolution
 .text.DS18B20_Is
                0x08000a48       0x20 ./Core/Lib/Src/ds18b20.o
                0x08000a48                DS18B20_Is
 .text.DS18B20_DisableAlarmTemperature
                0x08000a68       0xb6 ./Core/Lib/Src/ds18b20.o
                0x08000a68                DS18B20_DisableAlarmTemperature
 .text.DS18B20_AllDone
                0x08000b1e       0x18 ./Core/Lib/Src/ds18b20.o
                0x08000b1e                DS18B20_AllDone
 *fill*         0x08000b36        0x2 
 .text.ONEWIRE_DELAY
                0x08000b38       0x30 ./Core/Lib/Src/onewire.o
                0x08000b38                ONEWIRE_DELAY
 .text.ONEWIRE_LOW
                0x08000b68       0x20 ./Core/Lib/Src/onewire.o
                0x08000b68                ONEWIRE_LOW
 .text.ONEWIRE_HIGH
                0x08000b88       0x1c ./Core/Lib/Src/onewire.o
                0x08000b88                ONEWIRE_HIGH
 .text.ONEWIRE_INPUT
                0x08000ba4       0x32 ./Core/Lib/Src/onewire.o
                0x08000ba4                ONEWIRE_INPUT
 .text.ONEWIRE_OUTPUT
                0x08000bd6       0x32 ./Core/Lib/Src/onewire.o
                0x08000bd6                ONEWIRE_OUTPUT
 .text.OneWire_Init
                0x08000c08       0x5c ./Core/Lib/Src/onewire.o
                0x08000c08                OneWire_Init
 .text.OneWire_Reset
                0x08000c64       0x54 ./Core/Lib/Src/onewire.o
                0x08000c64                OneWire_Reset
 .text.OneWire_WriteBit
                0x08000cb8       0x64 ./Core/Lib/Src/onewire.o
                0x08000cb8                OneWire_WriteBit
 .text.OneWire_ReadBit
                0x08000d1c       0x54 ./Core/Lib/Src/onewire.o
                0x08000d1c                OneWire_ReadBit
 .text.OneWire_WriteByte
                0x08000d70       0x3c ./Core/Lib/Src/onewire.o
                0x08000d70                OneWire_WriteByte
 .text.OneWire_ReadByte
                0x08000dac       0x42 ./Core/Lib/Src/onewire.o
                0x08000dac                OneWire_ReadByte
 .text.OneWire_First
                0x08000dee       0x20 ./Core/Lib/Src/onewire.o
                0x08000dee                OneWire_First
 .text.OneWire_Next
                0x08000e0e       0x1a ./Core/Lib/Src/onewire.o
                0x08000e0e                OneWire_Next
 .text.OneWire_ResetSearch
                0x08000e28       0x24 ./Core/Lib/Src/onewire.o
                0x08000e28                OneWire_ResetSearch
 .text.OneWire_Search
                0x08000e4c      0x18c ./Core/Lib/Src/onewire.o
                0x08000e4c                OneWire_Search
 .text.OneWire_SelectWithPointer
                0x08000fd8       0x3e ./Core/Lib/Src/onewire.o
                0x08000fd8                OneWire_SelectWithPointer
 .text.OneWire_GetFullROM
                0x08001016       0x38 ./Core/Lib/Src/onewire.o
                0x08001016                OneWire_GetFullROM
 .text.OneWire_CRC8
                0x0800104e       0x6e ./Core/Lib/Src/onewire.o
                0x0800104e                OneWire_CRC8
 .text.SSD1306_Init
                0x080010bc      0x188 ./Core/Lib/Src/ssd1306.o
                0x080010bc                SSD1306_Init
 .text.SSD1306_UpdateScreen
                0x08001244       0x5c ./Core/Lib/Src/ssd1306.o
                0x08001244                SSD1306_UpdateScreen
 .text.SSD1306_Fill
                0x080012a0       0x30 ./Core/Lib/Src/ssd1306.o
                0x080012a0                SSD1306_Fill
 .text.SSD1306_DrawPixel
                0x080012d0       0xbc ./Core/Lib/Src/ssd1306.o
                0x080012d0                SSD1306_DrawPixel
 .text.SSD1306_GotoXY
                0x0800138c       0x2c ./Core/Lib/Src/ssd1306.o
                0x0800138c                SSD1306_GotoXY
 .text.SSD1306_Putc
                0x080013b8       0xfc ./Core/Lib/Src/ssd1306.o
                0x080013b8                SSD1306_Putc
 .text.SSD1306_Puts
                0x080014b4       0x4a ./Core/Lib/Src/ssd1306.o
                0x080014b4                SSD1306_Puts
 *fill*         0x080014fe        0x2 
 .text.ssd1306_I2C_Init
                0x08001500       0x28 ./Core/Lib/Src/ssd1306.o
                0x08001500                ssd1306_I2C_Init
 .text.ssd1306_I2C_WriteMulti
                0x08001528       0xcc ./Core/Lib/Src/ssd1306.o
                0x08001528                ssd1306_I2C_WriteMulti
 .text.ssd1306_I2C_Write
                0x080015f4       0x3c ./Core/Lib/Src/ssd1306.o
                0x080015f4                ssd1306_I2C_Write
 .text.check_start_sw
                0x08001630       0x48 ./Core/Src/button_controller.o
                0x08001630                check_start_sw
 .text.init_fnd
                0x08001678       0xc0 ./Core/Src/fnd_controller.o
                0x08001678                init_fnd
 .text.send_port
                0x08001738       0x44 ./Core/Src/fnd_controller.o
                0x08001738                send_port
 .text.send     0x0800177c       0x6c ./Core/Src/fnd_controller.o
                0x0800177c                send
 .text.digit4_temper
                0x080017e8      0x11c ./Core/Src/fnd_controller.o
                0x080017e8                digit4_temper
 .text.FND_stop
                0x08001904       0x30 ./Core/Src/fnd_controller.o
                0x08001904                FND_stop
 .text.heater_controll
                0x08001934       0x48 ./Core/Src/heater_controller.o
                0x08001934                heater_controll
 .text.heater_force_off
                0x0800197c       0x18 ./Core/Src/heater_controller.o
                0x0800197c                heater_force_off
 .text.main     0x08001994       0x54 ./Core/Src/main.o
                0x08001994                main
 .text.SystemClock_Config
                0x080019e8       0x8a ./Core/Src/main.o
                0x080019e8                SystemClock_Config
 *fill*         0x08001a72        0x2 
 .text.MX_I2C2_Init
                0x08001a74       0x5c ./Core/Src/main.o
 .text.MX_TIM2_Init
                0x08001ad0       0x98 ./Core/Src/main.o
 .text.MX_TIM3_Init
                0x08001b68       0x98 ./Core/Src/main.o
 .text.MX_USART1_UART_Init
                0x08001c00       0x54 ./Core/Src/main.o
 .text.MX_GPIO_Init
                0x08001c54      0x154 ./Core/Src/main.o
 .text._write   0x08001da8       0x28 ./Core/Src/main.o
                0x08001da8                _write
 .text.Error_Handler
                0x08001dd0        0xc ./Core/Src/main.o
                0x08001dd0                Error_Handler
 .text.OLED_temp_render
                0x08001ddc       0x94 ./Core/Src/oled_controller.o
                0x08001ddc                OLED_temp_render
 .text.OLED_defult_render
                0x08001e70       0xac ./Core/Src/oled_controller.o
                0x08001e70                OLED_defult_render
 .text.OLED_stop_render
                0x08001f1c       0x38 ./Core/Src/oled_controller.o
                0x08001f1c                OLED_stop_render
 .text.OLED_on_render
                0x08001f54       0x38 ./Core/Src/oled_controller.o
                0x08001f54                OLED_on_render
 .text.HAL_MspInit
                0x08001f8c       0x64 ./Core/Src/stm32f1xx_hal_msp.o
                0x08001f8c                HAL_MspInit
 .text.HAL_I2C_MspInit
                0x08001ff0       0x80 ./Core/Src/stm32f1xx_hal_msp.o
                0x08001ff0                HAL_I2C_MspInit
 .text.HAL_TIM_Base_MspInit
                0x08002070       0x80 ./Core/Src/stm32f1xx_hal_msp.o
                0x08002070                HAL_TIM_Base_MspInit
 .text.HAL_UART_MspInit
                0x080020f0       0x98 ./Core/Src/stm32f1xx_hal_msp.o
                0x080020f0                HAL_UART_MspInit
 .text.NMI_Handler
                0x08002188        0x8 ./Core/Src/stm32f1xx_it.o
                0x08002188                NMI_Handler
 .text.HardFault_Handler
                0x08002190        0x8 ./Core/Src/stm32f1xx_it.o
                0x08002190                HardFault_Handler
 .text.MemManage_Handler
                0x08002198        0x8 ./Core/Src/stm32f1xx_it.o
                0x08002198                MemManage_Handler
 .text.BusFault_Handler
                0x080021a0        0x8 ./Core/Src/stm32f1xx_it.o
                0x080021a0                BusFault_Handler
 .text.UsageFault_Handler
                0x080021a8        0x8 ./Core/Src/stm32f1xx_it.o
                0x080021a8                UsageFault_Handler
 .text.SVC_Handler
                0x080021b0        0xc ./Core/Src/stm32f1xx_it.o
                0x080021b0                SVC_Handler
 .text.DebugMon_Handler
                0x080021bc        0xc ./Core/Src/stm32f1xx_it.o
                0x080021bc                DebugMon_Handler
 .text.PendSV_Handler
                0x080021c8        0xc ./Core/Src/stm32f1xx_it.o
                0x080021c8                PendSV_Handler
 .text.SysTick_Handler
                0x080021d4        0xc ./Core/Src/stm32f1xx_it.o
                0x080021d4                SysTick_Handler
 .text.EXTI0_IRQHandler
                0x080021e0       0x4c ./Core/Src/stm32f1xx_it.o
                0x080021e0                EXTI0_IRQHandler
 .text.EXTI2_IRQHandler
                0x0800222c       0x4c ./Core/Src/stm32f1xx_it.o
                0x0800222c                EXTI2_IRQHandler
 .text.TIM2_IRQHandler
                0x08002278       0x14 ./Core/Src/stm32f1xx_it.o
                0x08002278                TIM2_IRQHandler
 .text.TIM3_IRQHandler
                0x0800228c       0x48 ./Core/Src/stm32f1xx_it.o
                0x0800228c                TIM3_IRQHandler
 .text._read    0x080022d4       0x3a ./Core/Src/syscalls.o
                0x080022d4                _read
 .text._close   0x0800230e       0x16 ./Core/Src/syscalls.o
                0x0800230e                _close
 .text._fstat   0x08002324       0x1e ./Core/Src/syscalls.o
                0x08002324                _fstat
 .text._isatty  0x08002342       0x14 ./Core/Src/syscalls.o
                0x08002342                _isatty
 .text._lseek   0x08002356       0x18 ./Core/Src/syscalls.o
                0x08002356                _lseek
 *fill*         0x0800236e        0x2 
 .text._sbrk    0x08002370       0x6c ./Core/Src/sysmem.o
                0x08002370                _sbrk
 .text.SystemInit
                0x080023dc        0xc ./Core/Src/system_stm32f1xx.o
                0x080023dc                SystemInit
 .text.Reset_Handler
                0x080023e8       0x48 ./Core/Startup/startup_stm32f103c8tx.o
                0x080023e8                Reset_Handler
 .text.Default_Handler
                0x08002430        0x2 ./Core/Startup/startup_stm32f103c8tx.o
                0x08002430                RTC_Alarm_IRQHandler
                0x08002430                TIM1_CC_IRQHandler
                0x08002430                PVD_IRQHandler
                0x08002430                EXTI3_IRQHandler
                0x08002430                I2C2_EV_IRQHandler
                0x08002430                ADC1_2_IRQHandler
                0x08002430                SPI1_IRQHandler
                0x08002430                TAMPER_IRQHandler
                0x08002430                DMA1_Channel4_IRQHandler
                0x08002430                USART3_IRQHandler
                0x08002430                RTC_IRQHandler
                0x08002430                DMA1_Channel7_IRQHandler
                0x08002430                CAN1_RX1_IRQHandler
                0x08002430                TIM4_IRQHandler
                0x08002430                I2C1_EV_IRQHandler
                0x08002430                DMA1_Channel6_IRQHandler
                0x08002430                RCC_IRQHandler
                0x08002430                TIM1_TRG_COM_IRQHandler
                0x08002430                DMA1_Channel1_IRQHandler
                0x08002430                Default_Handler
                0x08002430                EXTI15_10_IRQHandler
                0x08002430                EXTI9_5_IRQHandler
                0x08002430                SPI2_IRQHandler
                0x08002430                DMA1_Channel5_IRQHandler
                0x08002430                EXTI4_IRQHandler
                0x08002430                USB_LP_CAN1_RX0_IRQHandler
                0x08002430                USB_HP_CAN1_TX_IRQHandler
                0x08002430                DMA1_Channel3_IRQHandler
                0x08002430                TIM1_UP_IRQHandler
                0x08002430                WWDG_IRQHandler
                0x08002430                TIM1_BRK_IRQHandler
                0x08002430                EXTI1_IRQHandler
                0x08002430                USART2_IRQHandler
                0x08002430                I2C2_ER_IRQHandler
                0x08002430                DMA1_Channel2_IRQHandler
                0x08002430                CAN1_SCE_IRQHandler
                0x08002430                FLASH_IRQHandler
                0x08002430                USART1_IRQHandler
                0x08002430                I2C1_ER_IRQHandler
                0x08002430                USBWakeUp_IRQHandler
 *fill*         0x08002432        0x2 
 .text.HAL_Init
                0x08002434       0x2c ./Drivers/STM32F1xx_HAL_Driver/Src/stm32f1xx_hal.o
                0x08002434                HAL_Init
 .text.HAL_InitTick
                0x08002460       0x60 ./Drivers/STM32F1xx_HAL_Driver/Src/stm32f1xx_hal.o
                0x08002460                HAL_InitTick
 .text.HAL_IncTick
                0x080024c0       0x24 ./Drivers/STM32F1xx_HAL_Driver/Src/stm32f1xx_hal.o
                0x080024c0                HAL_IncTick
 .text.HAL_GetTick
                0x080024e4       0x14 ./Drivers/STM32F1xx_HAL_Driver/Src/stm32f1xx_hal.o
                0x080024e4                HAL_GetTick
 .text.HAL_Delay
                0x080024f8       0x48 ./Drivers/STM32F1xx_HAL_Driver/Src/stm32f1xx_hal.o
                0x080024f8                HAL_Delay
 .text.__NVIC_SetPriorityGrouping
                0x08002540       0x48 ./Drivers/STM32F1xx_HAL_Driver/Src/stm32f1xx_hal_cortex.o
 .text.__NVIC_GetPriorityGrouping
                0x08002588       0x1c ./Drivers/STM32F1xx_HAL_Driver/Src/stm32f1xx_hal_cortex.o
 .text.__NVIC_EnableIRQ
                0x080025a4       0x38 ./Drivers/STM32F1xx_HAL_Driver/Src/stm32f1xx_hal_cortex.o
 .text.__NVIC_SetPriority
                0x080025dc       0x54 ./Drivers/STM32F1xx_HAL_Driver/Src/stm32f1xx_hal_cortex.o
 .text.NVIC_EncodePriority
                0x08002630       0x64 ./Drivers/STM32F1xx_HAL_Driver/Src/stm32f1xx_hal_cortex.o
 .text.SysTick_Config
                0x08002694       0x44 ./Drivers/STM32F1xx_HAL_Driver/Src/stm32f1xx_hal_cortex.o
 .text.HAL_NVIC_SetPriorityGrouping
                0x080026d8       0x16 ./Drivers/STM32F1xx_HAL_Driver/Src/stm32f1xx_hal_cortex.o
                0x080026d8                HAL_NVIC_SetPriorityGrouping
 .text.HAL_NVIC_SetPriority
                0x080026ee       0x38 ./Drivers/STM32F1xx_HAL_Driver/Src/stm32f1xx_hal_cortex.o
                0x080026ee                HAL_NVIC_SetPriority
 .text.HAL_NVIC_EnableIRQ
                0x08002726       0x1c ./Drivers/STM32F1xx_HAL_Driver/Src/stm32f1xx_hal_cortex.o
                0x08002726                HAL_NVIC_EnableIRQ
 .text.HAL_SYSTICK_Config
                0x08002742       0x18 ./Drivers/STM32F1xx_HAL_Driver/Src/stm32f1xx_hal_cortex.o
                0x08002742                HAL_SYSTICK_Config
 *fill*         0x0800275a        0x2 
 .text.HAL_GPIO_Init
                0x0800275c      0x308 ./Drivers/STM32F1xx_HAL_Driver/Src/stm32f1xx_hal_gpio.o
                0x0800275c                HAL_GPIO_Init
 .text.HAL_GPIO_ReadPin
                0x08002a64       0x2e ./Drivers/STM32F1xx_HAL_Driver/Src/stm32f1xx_hal_gpio.o
                0x08002a64                HAL_GPIO_ReadPin
 .text.HAL_GPIO_WritePin
                0x08002a92       0x30 ./Drivers/STM32F1xx_HAL_Driver/Src/stm32f1xx_hal_gpio.o
                0x08002a92                HAL_GPIO_WritePin
 *fill*         0x08002ac2        0x2 
 .text.HAL_GPIO_EXTI_IRQHandler
                0x08002ac4       0x30 ./Drivers/STM32F1xx_HAL_Driver/Src/stm32f1xx_hal_gpio.o
                0x08002ac4                HAL_GPIO_EXTI_IRQHandler
 .text.HAL_GPIO_EXTI_Callback
                0x08002af4       0x14 ./Drivers/STM32F1xx_HAL_Driver/Src/stm32f1xx_hal_gpio.o
                0x08002af4                HAL_GPIO_EXTI_Callback
 .text.HAL_I2C_Init
                0x08002b08      0x288 ./Drivers/STM32F1xx_HAL_Driver/Src/stm32f1xx_hal_i2c.o
                0x08002b08                HAL_I2C_Init
 .text.HAL_I2C_Master_Transmit
                0x08002d90      0x1fc ./Drivers/STM32F1xx_HAL_Driver/Src/stm32f1xx_hal_i2c.o
                0x08002d90                HAL_I2C_Master_Transmit
 .text.HAL_I2C_IsDeviceReady
                0x08002f8c      0x25c ./Drivers/STM32F1xx_HAL_Driver/Src/stm32f1xx_hal_i2c.o
                0x08002f8c                HAL_I2C_IsDeviceReady
 .text.I2C_MasterRequestWrite
                0x080031e8      0x104 ./Drivers/STM32F1xx_HAL_Driver/Src/stm32f1xx_hal_i2c.o
 .text.I2C_WaitOnFlagUntilTimeout
                0x080032ec       0xf4 ./Drivers/STM32F1xx_HAL_Driver/Src/stm32f1xx_hal_i2c.o
 .text.I2C_WaitOnMasterAddressFlagUntilTimeout
                0x080033e0      0x140 ./Drivers/STM32F1xx_HAL_Driver/Src/stm32f1xx_hal_i2c.o
 .text.I2C_WaitOnTXEFlagUntilTimeout
                0x08003520       0x90 ./Drivers/STM32F1xx_HAL_Driver/Src/stm32f1xx_hal_i2c.o
 .text.I2C_WaitOnBTFFlagUntilTimeout
                0x080035b0       0x90 ./Drivers/STM32F1xx_HAL_Driver/Src/stm32f1xx_hal_i2c.o
 .text.I2C_IsAcknowledgeFailed
                0x08003640       0x5c ./Drivers/STM32F1xx_HAL_Driver/Src/stm32f1xx_hal_i2c.o
 .text.HAL_RCC_OscConfig
                0x0800369c      0x504 ./Drivers/STM32F1xx_HAL_Driver/Src/stm32f1xx_hal_rcc.o
                0x0800369c                HAL_RCC_OscConfig
 .text.HAL_RCC_ClockConfig
                0x08003ba0      0x1d4 ./Drivers/STM32F1xx_HAL_Driver/Src/stm32f1xx_hal_rcc.o
                0x08003ba0                HAL_RCC_ClockConfig
 .text.HAL_RCC_GetSysClockFreq
                0x08003d74       0xa8 ./Drivers/STM32F1xx_HAL_Driver/Src/stm32f1xx_hal_rcc.o
                0x08003d74                HAL_RCC_GetSysClockFreq
 .text.HAL_RCC_GetHCLKFreq
                0x08003e1c       0x14 ./Drivers/STM32F1xx_HAL_Driver/Src/stm32f1xx_hal_rcc.o
                0x08003e1c                HAL_RCC_GetHCLKFreq
 .text.HAL_RCC_GetPCLK1Freq
                0x08003e30       0x28 ./Drivers/STM32F1xx_HAL_Driver/Src/stm32f1xx_hal_rcc.o
                0x08003e30                HAL_RCC_GetPCLK1Freq
 .text.HAL_RCC_GetPCLK2Freq
                0x08003e58       0x28 ./Drivers/STM32F1xx_HAL_Driver/Src/stm32f1xx_hal_rcc.o
                0x08003e58                HAL_RCC_GetPCLK2Freq
 .text.RCC_Delay
                0x08003e80       0x3c ./Drivers/STM32F1xx_HAL_Driver/Src/stm32f1xx_hal_rcc.o
 .text.HAL_TIM_Base_Init
                0x08003ebc       0x9e ./Drivers/STM32F1xx_HAL_Driver/Src/stm32f1xx_hal_tim.o
                0x08003ebc                HAL_TIM_Base_Init
 *fill*         0x08003f5a        0x2 
 .text.HAL_TIM_Base_Start
                0x08003f5c       0x94 ./Drivers/STM32F1xx_HAL_Driver/Src/stm32f1xx_hal_tim.o
                0x08003f5c                HAL_TIM_Base_Start
 .text.HAL_TIM_Base_Start_IT
                0x08003ff0       0xa4 ./Drivers/STM32F1xx_HAL_Driver/Src/stm32f1xx_hal_tim.o
                0x08003ff0                HAL_TIM_Base_Start_IT
 .text.HAL_TIM_Base_Stop_IT
                0x08004094       0x5c ./Drivers/STM32F1xx_HAL_Driver/Src/stm32f1xx_hal_tim.o
                0x08004094                HAL_TIM_Base_Stop_IT
 .text.HAL_TIM_IRQHandler
                0x080040f0      0x1e0 ./Drivers/STM32F1xx_HAL_Driver/Src/stm32f1xx_hal_tim.o
                0x080040f0                HAL_TIM_IRQHandler
 .text.HAL_TIM_ConfigClockSource
                0x080042d0      0x18e ./Drivers/STM32F1xx_HAL_Driver/Src/stm32f1xx_hal_tim.o
                0x080042d0                HAL_TIM_ConfigClockSource
 .text.HAL_TIM_PeriodElapsedCallback
                0x0800445e       0x12 ./Drivers/STM32F1xx_HAL_Driver/Src/stm32f1xx_hal_tim.o
                0x0800445e                HAL_TIM_PeriodElapsedCallback
 .text.HAL_TIM_OC_DelayElapsedCallback
                0x08004470       0x12 ./Drivers/STM32F1xx_HAL_Driver/Src/stm32f1xx_hal_tim.o
                0x08004470                HAL_TIM_OC_DelayElapsedCallback
 .text.HAL_TIM_IC_CaptureCallback
                0x08004482       0x12 ./Drivers/STM32F1xx_HAL_Driver/Src/stm32f1xx_hal_tim.o
                0x08004482                HAL_TIM_IC_CaptureCallback
 .text.HAL_TIM_PWM_PulseFinishedCallback
                0x08004494       0x12 ./Drivers/STM32F1xx_HAL_Driver/Src/stm32f1xx_hal_tim.o
                0x08004494                HAL_TIM_PWM_PulseFinishedCallback
 .text.HAL_TIM_TriggerCallback
                0x080044a6       0x12 ./Drivers/STM32F1xx_HAL_Driver/Src/stm32f1xx_hal_tim.o
                0x080044a6                HAL_TIM_TriggerCallback
 .text.TIM_Base_SetConfig
                0x080044b8       0xdc ./Drivers/STM32F1xx_HAL_Driver/Src/stm32f1xx_hal_tim.o
                0x080044b8                TIM_Base_SetConfig
 .text.TIM_TI1_ConfigInputStage
                0x08004594       0x5c ./Drivers/STM32F1xx_HAL_Driver/Src/stm32f1xx_hal_tim.o
 .text.TIM_TI2_ConfigInputStage
                0x080045f0       0x5e ./Drivers/STM32F1xx_HAL_Driver/Src/stm32f1xx_hal_tim.o
 .text.TIM_ITRx_SetConfig
                0x0800464e       0x34 ./Drivers/STM32F1xx_HAL_Driver/Src/stm32f1xx_hal_tim.o
 .text.TIM_ETR_SetConfig
                0x08004682       0x3e ./Drivers/STM32F1xx_HAL_Driver/Src/stm32f1xx_hal_tim.o
                0x08004682                TIM_ETR_SetConfig
 .text.HAL_TIMEx_MasterConfigSynchronization
                0x080046c0       0xbc ./Drivers/STM32F1xx_HAL_Driver/Src/stm32f1xx_hal_tim_ex.o
                0x080046c0                HAL_TIMEx_MasterConfigSynchronization
 .text.HAL_TIMEx_CommutCallback
                0x0800477c       0x12 ./Drivers/STM32F1xx_HAL_Driver/Src/stm32f1xx_hal_tim_ex.o
                0x0800477c                HAL_TIMEx_CommutCallback
 .text.HAL_TIMEx_BreakCallback
                0x0800478e       0x12 ./Drivers/STM32F1xx_HAL_Driver/Src/stm32f1xx_hal_tim_ex.o
                0x0800478e                HAL_TIMEx_BreakCallback
 .text.HAL_UART_Init
                0x080047a0       0xa0 ./Drivers/STM32F1xx_HAL_Driver/Src/stm32f1xx_hal_uart.o
                0x080047a0                HAL_UART_Init
 .text.HAL_UART_Transmit
                0x08004840      0x116 ./Drivers/STM32F1xx_HAL_Driver/Src/stm32f1xx_hal_uart.o
                0x08004840                HAL_UART_Transmit
 .text.UART_WaitOnFlagUntilTimeout
                0x08004956       0xb2 ./Drivers/STM32F1xx_HAL_Driver/Src/stm32f1xx_hal_uart.o
 .text.UART_EndRxTransfer
                0x08004a08       0xc4 ./Drivers/STM32F1xx_HAL_Driver/Src/stm32f1xx_hal_uart.o
 .text.UART_SetConfig
                0x08004acc      0x11c ./Drivers/STM32F1xx_HAL_Driver/Src/stm32f1xx_hal_uart.o
 .text.std      0x08004be8       0x6c C:/ST/STM32CubeIDE_1.16.0/STM32CubeIDE/plugins/com.st.stm32cube.ide.mcu.externaltools.gnu-tools-for-stm32.12.3.rel1.win32_1.0.200.202406191623/tools/bin/../lib/gcc/arm-none-eabi/12.3.1/../../../../arm-none-eabi/lib/thumb/v7-m/nofp\libc_nano.a(libc_a-findfp.o)
 .text.stdio_exit_handler
                0x08004c54       0x18 C:/ST/STM32CubeIDE_1.16.0/STM32CubeIDE/plugins/com.st.stm32cube.ide.mcu.externaltools.gnu-tools-for-stm32.12.3.rel1.win32_1.0.200.202406191623/tools/bin/../lib/gcc/arm-none-eabi/12.3.1/../../../../arm-none-eabi/lib/thumb/v7-m/nofp\libc_nano.a(libc_a-findfp.o)
 .text.cleanup_stdio
                0x08004c6c       0x40 C:/ST/STM32CubeIDE_1.16.0/STM32CubeIDE/plugins/com.st.stm32cube.ide.mcu.externaltools.gnu-tools-for-stm32.12.3.rel1.win32_1.0.200.202406191623/tools/bin/../lib/gcc/arm-none-eabi/12.3.1/../../../../arm-none-eabi/lib/thumb/v7-m/nofp\libc_nano.a(libc_a-findfp.o)
 .text.global_stdio_init.part.0
                0x08004cac       0x3c C:/ST/STM32CubeIDE_1.16.0/STM32CubeIDE/plugins/com.st.stm32cube.ide.mcu.externaltools.gnu-tools-for-stm32.12.3.rel1.win32_1.0.200.202406191623/tools/bin/../lib/gcc/arm-none-eabi/12.3.1/../../../../arm-none-eabi/lib/thumb/v7-m/nofp\libc_nano.a(libc_a-findfp.o)
 .text.__sfp_lock_acquire
                0x08004ce8        0xc C:/ST/STM32CubeIDE_1.16.0/STM32CubeIDE/plugins/com.st.stm32cube.ide.mcu.externaltools.gnu-tools-for-stm32.12.3.rel1.win32_1.0.200.202406191623/tools/bin/../lib/gcc/arm-none-eabi/12.3.1/../../../../arm-none-eabi/lib/thumb/v7-m/nofp\libc_nano.a(libc_a-findfp.o)
                0x08004ce8                __sfp_lock_acquire
 .text.__sfp_lock_release
                0x08004cf4        0xc C:/ST/STM32CubeIDE_1.16.0/STM32CubeIDE/plugins/com.st.stm32cube.ide.mcu.externaltools.gnu-tools-for-stm32.12.3.rel1.win32_1.0.200.202406191623/tools/bin/../lib/gcc/arm-none-eabi/12.3.1/../../../../arm-none-eabi/lib/thumb/v7-m/nofp\libc_nano.a(libc_a-findfp.o)
                0x08004cf4                __sfp_lock_release
 .text.__sinit  0x08004d00       0x30 C:/ST/STM32CubeIDE_1.16.0/STM32CubeIDE/plugins/com.st.stm32cube.ide.mcu.externaltools.gnu-tools-for-stm32.12.3.rel1.win32_1.0.200.202406191623/tools/bin/../lib/gcc/arm-none-eabi/12.3.1/../../../../arm-none-eabi/lib/thumb/v7-m/nofp\libc_nano.a(libc_a-findfp.o)
                0x08004d00                __sinit
 .text._fwalk_sglue
                0x08004d30       0x3c C:/ST/STM32CubeIDE_1.16.0/STM32CubeIDE/plugins/com.st.stm32cube.ide.mcu.externaltools.gnu-tools-for-stm32.12.3.rel1.win32_1.0.200.202406191623/tools/bin/../lib/gcc/arm-none-eabi/12.3.1/../../../../arm-none-eabi/lib/thumb/v7-m/nofp\libc_nano.a(libc_a-fwalk.o)
                0x08004d30                _fwalk_sglue
 .text.printf   0x08004d6c       0x24 C:/ST/STM32CubeIDE_1.16.0/STM32CubeIDE/plugins/com.st.stm32cube.ide.mcu.externaltools.gnu-tools-for-stm32.12.3.rel1.win32_1.0.200.202406191623/tools/bin/../lib/gcc/arm-none-eabi/12.3.1/../../../../arm-none-eabi/lib/thumb/v7-m/nofp\libc_nano.a(libc_a-printf.o)
                0x08004d6c                iprintf
                0x08004d6c                printf
 .text.sprintf  0x08004d90       0x40 C:/ST/STM32CubeIDE_1.16.0/STM32CubeIDE/plugins/com.st.stm32cube.ide.mcu.externaltools.gnu-tools-for-stm32.12.3.rel1.win32_1.0.200.202406191623/tools/bin/../lib/gcc/arm-none-eabi/12.3.1/../../../../arm-none-eabi/lib/thumb/v7-m/nofp\libc_nano.a(libc_a-sprintf.o)
                0x08004d90                siprintf
                0x08004d90                sprintf
 .text.__sread  0x08004dd0       0x22 C:/ST/STM32CubeIDE_1.16.0/STM32CubeIDE/plugins/com.st.stm32cube.ide.mcu.externaltools.gnu-tools-for-stm32.12.3.rel1.win32_1.0.200.202406191623/tools/bin/../lib/gcc/arm-none-eabi/12.3.1/../../../../arm-none-eabi/lib/thumb/v7-m/nofp\libc_nano.a(libc_a-stdio.o)
                0x08004dd0                __sread
 .text.__swrite
                0x08004df2       0x38 C:/ST/STM32CubeIDE_1.16.0/STM32CubeIDE/plugins/com.st.stm32cube.ide.mcu.externaltools.gnu-tools-for-stm32.12.3.rel1.win32_1.0.200.202406191623/tools/bin/../lib/gcc/arm-none-eabi/12.3.1/../../../../arm-none-eabi/lib/thumb/v7-m/nofp\libc_nano.a(libc_a-stdio.o)
                0x08004df2                __swrite
 .text.__sseek  0x08004e2a       0x24 C:/ST/STM32CubeIDE_1.16.0/STM32CubeIDE/plugins/com.st.stm32cube.ide.mcu.externaltools.gnu-tools-for-stm32.12.3.rel1.win32_1.0.200.202406191623/tools/bin/../lib/gcc/arm-none-eabi/12.3.1/../../../../arm-none-eabi/lib/thumb/v7-m/nofp\libc_nano.a(libc_a-stdio.o)
                0x08004e2a                __sseek
 .text.__sclose
                0x08004e4e        0x8 C:/ST/STM32CubeIDE_1.16.0/STM32CubeIDE/plugins/com.st.stm32cube.ide.mcu.externaltools.gnu-tools-for-stm32.12.3.rel1.win32_1.0.200.202406191623/tools/bin/../lib/gcc/arm-none-eabi/12.3.1/../../../../arm-none-eabi/lib/thumb/v7-m/nofp\libc_nano.a(libc_a-stdio.o)
                0x08004e4e                __sclose
 .text.memset   0x08004e56       0x10 C:/ST/STM32CubeIDE_1.16.0/STM32CubeIDE/plugins/com.st.stm32cube.ide.mcu.externaltools.gnu-tools-for-stm32.12.3.rel1.win32_1.0.200.202406191623/tools/bin/../lib/gcc/arm-none-eabi/12.3.1/../../../../arm-none-eabi/lib/thumb/v7-m/nofp\libc_nano.a(libc_a-memset.o)
                0x08004e56                memset
 *fill*         0x08004e66        0x2 
 .text._close_r
                0x08004e68       0x20 C:/ST/STM32CubeIDE_1.16.0/STM32CubeIDE/plugins/com.st.stm32cube.ide.mcu.externaltools.gnu-tools-for-stm32.12.3.rel1.win32_1.0.200.202406191623/tools/bin/../lib/gcc/arm-none-eabi/12.3.1/../../../../arm-none-eabi/lib/thumb/v7-m/nofp\libc_nano.a(libc_a-closer.o)
                0x08004e68                _close_r
 .text._lseek_r
                0x08004e88       0x24 C:/ST/STM32CubeIDE_1.16.0/STM32CubeIDE/plugins/com.st.stm32cube.ide.mcu.externaltools.gnu-tools-for-stm32.12.3.rel1.win32_1.0.200.202406191623/tools/bin/../lib/gcc/arm-none-eabi/12.3.1/../../../../arm-none-eabi/lib/thumb/v7-m/nofp\libc_nano.a(libc_a-lseekr.o)
                0x08004e88                _lseek_r
 .text._read_r  0x08004eac       0x24 C:/ST/STM32CubeIDE_1.16.0/STM32CubeIDE/plugins/com.st.stm32cube.ide.mcu.externaltools.gnu-tools-for-stm32.12.3.rel1.win32_1.0.200.202406191623/tools/bin/../lib/gcc/arm-none-eabi/12.3.1/../../../../arm-none-eabi/lib/thumb/v7-m/nofp\libc_nano.a(libc_a-readr.o)
                0x08004eac                _read_r
 .text._write_r
                0x08004ed0       0x24 C:/ST/STM32CubeIDE_1.16.0/STM32CubeIDE/plugins/com.st.stm32cube.ide.mcu.externaltools.gnu-tools-for-stm32.12.3.rel1.win32_1.0.200.202406191623/tools/bin/../lib/gcc/arm-none-eabi/12.3.1/../../../../arm-none-eabi/lib/thumb/v7-m/nofp\libc_nano.a(libc_a-writer.o)
                0x08004ed0                _write_r
 .text.__errno  0x08004ef4        0xc C:/ST/STM32CubeIDE_1.16.0/STM32CubeIDE/plugins/com.st.stm32cube.ide.mcu.externaltools.gnu-tools-for-stm32.12.3.rel1.win32_1.0.200.202406191623/tools/bin/../lib/gcc/arm-none-eabi/12.3.1/../../../../arm-none-eabi/lib/thumb/v7-m/nofp\libc_nano.a(libc_a-errno.o)
                0x08004ef4                __errno
 .text.__libc_init_array
                0x08004f00       0x48 C:/ST/STM32CubeIDE_1.16.0/STM32CubeIDE/plugins/com.st.stm32cube.ide.mcu.externaltools.gnu-tools-for-stm32.12.3.rel1.win32_1.0.200.202406191623/tools/bin/../lib/gcc/arm-none-eabi/12.3.1/../../../../arm-none-eabi/lib/thumb/v7-m/nofp\libc_nano.a(libc_a-init.o)
                0x08004f00                __libc_init_array
 .text.__retarget_lock_init_recursive
                0x08004f48        0x2 C:/ST/STM32CubeIDE_1.16.0/STM32CubeIDE/plugins/com.st.stm32cube.ide.mcu.externaltools.gnu-tools-for-stm32.12.3.rel1.win32_1.0.200.202406191623/tools/bin/../lib/gcc/arm-none-eabi/12.3.1/../../../../arm-none-eabi/lib/thumb/v7-m/nofp\libc_nano.a(libc_a-lock.o)
                0x08004f48                __retarget_lock_init_recursive
 .text.__retarget_lock_acquire_recursive
                0x08004f4a        0x2 C:/ST/STM32CubeIDE_1.16.0/STM32CubeIDE/plugins/com.st.stm32cube.ide.mcu.externaltools.gnu-tools-for-stm32.12.3.rel1.win32_1.0.200.202406191623/tools/bin/../lib/gcc/arm-none-eabi/12.3.1/../../../../arm-none-eabi/lib/thumb/v7-m/nofp\libc_nano.a(libc_a-lock.o)
                0x08004f4a                __retarget_lock_acquire_recursive
 .text.__retarget_lock_release_recursive
                0x08004f4c        0x2 C:/ST/STM32CubeIDE_1.16.0/STM32CubeIDE/plugins/com.st.stm32cube.ide.mcu.externaltools.gnu-tools-for-stm32.12.3.rel1.win32_1.0.200.202406191623/tools/bin/../lib/gcc/arm-none-eabi/12.3.1/../../../../arm-none-eabi/lib/thumb/v7-m/nofp\libc_nano.a(libc_a-lock.o)
                0x08004f4c                __retarget_lock_release_recursive
 *fill*         0x08004f4e        0x2 
 .text._free_r  0x08004f50       0x90 C:/ST/STM32CubeIDE_1.16.0/STM32CubeIDE/plugins/com.st.stm32cube.ide.mcu.externaltools.gnu-tools-for-stm32.12.3.rel1.win32_1.0.200.202406191623/tools/bin/../lib/gcc/arm-none-eabi/12.3.1/../../../../arm-none-eabi/lib/thumb/v7-m/nofp\libc_nano.a(libc_a-freer.o)
                0x08004f50                _free_r
 .text.sbrk_aligned
                0x08004fe0       0x44 C:/ST/STM32CubeIDE_1.16.0/STM32CubeIDE/plugins/com.st.stm32cube.ide.mcu.externaltools.gnu-tools-for-stm32.12.3.rel1.win32_1.0.200.202406191623/tools/bin/../lib/gcc/arm-none-eabi/12.3.1/../../../../arm-none-eabi/lib/thumb/v7-m/nofp\libc_nano.a(libc_a-mallocr.o)
 .text._malloc_r
                0x08005024      0x100 C:/ST/STM32CubeIDE_1.16.0/STM32CubeIDE/plugins/com.st.stm32cube.ide.mcu.externaltools.gnu-tools-for-stm32.12.3.rel1.win32_1.0.200.202406191623/tools/bin/../lib/gcc/arm-none-eabi/12.3.1/../../../../arm-none-eabi/lib/thumb/v7-m/nofp\libc_nano.a(libc_a-mallocr.o)
                0x08005024                _malloc_r
 .text.__malloc_lock
                0x08005124        0xc C:/ST/STM32CubeIDE_1.16.0/STM32CubeIDE/plugins/com.st.stm32cube.ide.mcu.externaltools.gnu-tools-for-stm32.12.3.rel1.win32_1.0.200.202406191623/tools/bin/../lib/gcc/arm-none-eabi/12.3.1/../../../../arm-none-eabi/lib/thumb/v7-m/nofp\libc_nano.a(libc_a-mlock.o)
                0x08005124                __malloc_lock
 .text.__malloc_unlock
                0x08005130        0xc C:/ST/STM32CubeIDE_1.16.0/STM32CubeIDE/plugins/com.st.stm32cube.ide.mcu.externaltools.gnu-tools-for-stm32.12.3.rel1.win32_1.0.200.202406191623/tools/bin/../lib/gcc/arm-none-eabi/12.3.1/../../../../arm-none-eabi/lib/thumb/v7-m/nofp\libc_nano.a(libc_a-mlock.o)
                0x08005130                __malloc_unlock
 .text.__ssputs_r
                0x0800513c       0xb6 C:/ST/STM32CubeIDE_1.16.0/STM32CubeIDE/plugins/com.st.stm32cube.ide.mcu.externaltools.gnu-tools-for-stm32.12.3.rel1.win32_1.0.200.202406191623/tools/bin/../lib/gcc/arm-none-eabi/12.3.1/../../../../arm-none-eabi/lib/thumb/v7-m/nofp\libc_nano.a(libc_a-nano-svfprintf.o)
                0x0800513c                __ssputs_r
 *fill*         0x080051f2        0x2 
 .text._svfprintf_r
                0x080051f4      0x1f8 C:/ST/STM32CubeIDE_1.16.0/STM32CubeIDE/plugins/com.st.stm32cube.ide.mcu.externaltools.gnu-tools-for-stm32.12.3.rel1.win32_1.0.200.202406191623/tools/bin/../lib/gcc/arm-none-eabi/12.3.1/../../../../arm-none-eabi/lib/thumb/v7-m/nofp\libc_nano.a(libc_a-nano-svfprintf.o)
                0x080051f4                _svfiprintf_r
                0x080051f4                _svfprintf_r
 .text.__sfputc_r
                0x080053ec       0x2a C:/ST/STM32CubeIDE_1.16.0/STM32CubeIDE/plugins/com.st.stm32cube.ide.mcu.externaltools.gnu-tools-for-stm32.12.3.rel1.win32_1.0.200.202406191623/tools/bin/../lib/gcc/arm-none-eabi/12.3.1/../../../../arm-none-eabi/lib/thumb/v7-m/nofp\libc_nano.a(libc_a-nano-vfprintf.o)
 .text.__sfputs_r
                0x08005416       0x24 C:/ST/STM32CubeIDE_1.16.0/STM32CubeIDE/plugins/com.st.stm32cube.ide.mcu.externaltools.gnu-tools-for-stm32.12.3.rel1.win32_1.0.200.202406191623/tools/bin/../lib/gcc/arm-none-eabi/12.3.1/../../../../arm-none-eabi/lib/thumb/v7-m/nofp\libc_nano.a(libc_a-nano-vfprintf.o)
                0x08005416                __sfputs_r
 *fill*         0x0800543a        0x2 
 .text._vfprintf_r
                0x0800543c      0x230 C:/ST/STM32CubeIDE_1.16.0/STM32CubeIDE/plugins/com.st.stm32cube.ide.mcu.externaltools.gnu-tools-for-stm32.12.3.rel1.win32_1.0.200.202406191623/tools/bin/../lib/gcc/arm-none-eabi/12.3.1/../../../../arm-none-eabi/lib/thumb/v7-m/nofp\libc_nano.a(libc_a-nano-vfprintf.o)
                0x0800543c                _vfprintf_r
                0x0800543c                _vfiprintf_r
 .text._printf_common
                0x0800566c       0xe4 C:/ST/STM32CubeIDE_1.16.0/STM32CubeIDE/plugins/com.st.stm32cube.ide.mcu.externaltools.gnu-tools-for-stm32.12.3.rel1.win32_1.0.200.202406191623/tools/bin/../lib/gcc/arm-none-eabi/12.3.1/../../../../arm-none-eabi/lib/thumb/v7-m/nofp\libc_nano.a(libc_a-nano-vfprintf_i.o)
                0x0800566c                _printf_common
 .text._printf_i
                0x08005750      0x240 C:/ST/STM32CubeIDE_1.16.0/STM32CubeIDE/plugins/com.st.stm32cube.ide.mcu.externaltools.gnu-tools-for-stm32.12.3.rel1.win32_1.0.200.202406191623/tools/bin/../lib/gcc/arm-none-eabi/12.3.1/../../../../arm-none-eabi/lib/thumb/v7-m/nofp\libc_nano.a(libc_a-nano-vfprintf_i.o)
                0x08005750                _printf_i
 .text.__sflush_r
                0x08005990      0x100 C:/ST/STM32CubeIDE_1.16.0/STM32CubeIDE/plugins/com.st.stm32cube.ide.mcu.externaltools.gnu-tools-for-stm32.12.3.rel1.win32_1.0.200.202406191623/tools/bin/../lib/gcc/arm-none-eabi/12.3.1/../../../../arm-none-eabi/lib/thumb/v7-m/nofp\libc_nano.a(libc_a-fflush.o)
                0x08005990                __sflush_r
 .text._fflush_r
                0x08005a90       0x50 C:/ST/STM32CubeIDE_1.16.0/STM32CubeIDE/plugins/com.st.stm32cube.ide.mcu.externaltools.gnu-tools-for-stm32.12.3.rel1.win32_1.0.200.202406191623/tools/bin/../lib/gcc/arm-none-eabi/12.3.1/../../../../arm-none-eabi/lib/thumb/v7-m/nofp\libc_nano.a(libc_a-fflush.o)
                0x08005a90                _fflush_r
 .text.__swbuf_r
                0x08005ae0       0x7c C:/ST/STM32CubeIDE_1.16.0/STM32CubeIDE/plugins/com.st.stm32cube.ide.mcu.externaltools.gnu-tools-for-stm32.12.3.rel1.win32_1.0.200.202406191623/tools/bin/../lib/gcc/arm-none-eabi/12.3.1/../../../../arm-none-eabi/lib/thumb/v7-m/nofp\libc_nano.a(libc_a-wbuf.o)
                0x08005ae0                __swbuf_r
 .text.__swsetup_r
                0x08005b5c       0xac C:/ST/STM32CubeIDE_1.16.0/STM32CubeIDE/plugins/com.st.stm32cube.ide.mcu.externaltools.gnu-tools-for-stm32.12.3.rel1.win32_1.0.200.202406191623/tools/bin/../lib/gcc/arm-none-eabi/12.3.1/../../../../arm-none-eabi/lib/thumb/v7-m/nofp\libc_nano.a(libc_a-wsetup.o)
                0x08005b5c                __swsetup_r
 .text.memmove  0x08005c08       0x34 C:/ST/STM32CubeIDE_1.16.0/STM32CubeIDE/plugins/com.st.stm32cube.ide.mcu.externaltools.gnu-tools-for-stm32.12.3.rel1.win32_1.0.200.202406191623/tools/bin/../lib/gcc/arm-none-eabi/12.3.1/../../../../arm-none-eabi/lib/thumb/v7-m/nofp\libc_nano.a(libc_a-memmove.o)
                0x08005c08                memmove
 .text._sbrk_r  0x08005c3c       0x20 C:/ST/STM32CubeIDE_1.16.0/STM32CubeIDE/plugins/com.st.stm32cube.ide.mcu.externaltools.gnu-tools-for-stm32.12.3.rel1.win32_1.0.200.202406191623/tools/bin/../lib/gcc/arm-none-eabi/12.3.1/../../../../arm-none-eabi/lib/thumb/v7-m/nofp\libc_nano.a(libc_a-sbrkr.o)
                0x08005c3c                _sbrk_r
 .text.memchr   0x08005c5c       0x1c C:/ST/STM32CubeIDE_1.16.0/STM32CubeIDE/plugins/com.st.stm32cube.ide.mcu.externaltools.gnu-tools-for-stm32.12.3.rel1.win32_1.0.200.202406191623/tools/bin/../lib/gcc/arm-none-eabi/12.3.1/../../../../arm-none-eabi/lib/thumb/v7-m/nofp\libc_nano.a(libc_a-memchr-stub.o)
                0x08005c5c                memchr
 .text.memcpy   0x08005c78       0x1c C:/ST/STM32CubeIDE_1.16.0/STM32CubeIDE/plugins/com.st.stm32cube.ide.mcu.externaltools.gnu-tools-for-stm32.12.3.rel1.win32_1.0.200.202406191623/tools/bin/../lib/gcc/arm-none-eabi/12.3.1/../../../../arm-none-eabi/lib/thumb/v7-m/nofp\libc_nano.a(libc_a-memcpy-stub.o)
                0x08005c78                memcpy
 .text._realloc_r
                0x08005c94       0x5c C:/ST/STM32CubeIDE_1.16.0/STM32CubeIDE/plugins/com.st.stm32cube.ide.mcu.externaltools.gnu-tools-for-stm32.12.3.rel1.win32_1.0.200.202406191623/tools/bin/../lib/gcc/arm-none-eabi/12.3.1/../../../../arm-none-eabi/lib/thumb/v7-m/nofp\libc_nano.a(libc_a-reallocr.o)
                0x08005c94                _realloc_r
 .text.__swhatbuf_r
                0x08005cf0       0x4a C:/ST/STM32CubeIDE_1.16.0/STM32CubeIDE/plugins/com.st.stm32cube.ide.mcu.externaltools.gnu-tools-for-stm32.12.3.rel1.win32_1.0.200.202406191623/tools/bin/../lib/gcc/arm-none-eabi/12.3.1/../../../../arm-none-eabi/lib/thumb/v7-m/nofp\libc_nano.a(libc_a-makebuf.o)
                0x08005cf0                __swhatbuf_r
 .text.__smakebuf_r
                0x08005d3a       0x78 C:/ST/STM32CubeIDE_1.16.0/STM32CubeIDE/plugins/com.st.stm32cube.ide.mcu.externaltools.gnu-tools-for-stm32.12.3.rel1.win32_1.0.200.202406191623/tools/bin/../lib/gcc/arm-none-eabi/12.3.1/../../../../arm-none-eabi/lib/thumb/v7-m/nofp\libc_nano.a(libc_a-makebuf.o)
                0x08005d3a                __smakebuf_r
 *fill*         0x08005db2        0x2 
 .text._fstat_r
                0x08005db4       0x24 C:/ST/STM32CubeIDE_1.16.0/STM32CubeIDE/plugins/com.st.stm32cube.ide.mcu.externaltools.gnu-tools-for-stm32.12.3.rel1.win32_1.0.200.202406191623/tools/bin/../lib/gcc/arm-none-eabi/12.3.1/../../../../arm-none-eabi/lib/thumb/v7-m/nofp\libc_nano.a(libc_a-fstatr.o)
                0x08005db4                _fstat_r
 .text._isatty_r
                0x08005dd8       0x20 C:/ST/STM32CubeIDE_1.16.0/STM32CubeIDE/plugins/com.st.stm32cube.ide.mcu.externaltools.gnu-tools-for-stm32.12.3.rel1.win32_1.0.200.202406191623/tools/bin/../lib/gcc/arm-none-eabi/12.3.1/../../../../arm-none-eabi/lib/thumb/v7-m/nofp\libc_nano.a(libc_a-isattyr.o)
                0x08005dd8                _isatty_r
 .text._malloc_usable_size_r
                0x08005df8       0x10 C:/ST/STM32CubeIDE_1.16.0/STM32CubeIDE/plugins/com.st.stm32cube.ide.mcu.externaltools.gnu-tools-for-stm32.12.3.rel1.win32_1.0.200.202406191623/tools/bin/../lib/gcc/arm-none-eabi/12.3.1/../../../../arm-none-eabi/lib/thumb/v7-m/nofp\libc_nano.a(libc_a-msizer.o)
                0x08005df8                _malloc_usable_size_r
 *(.glue_7)
 .glue_7        0x08005e08        0x0 linker stubs
 *(.glue_7t)
 .glue_7t       0x08005e08        0x0 linker stubs
 *(.eh_frame)
 .eh_frame      0x08005e08        0x0 C:/ST/STM32CubeIDE_1.16.0/STM32CubeIDE/plugins/com.st.stm32cube.ide.mcu.externaltools.gnu-tools-for-stm32.12.3.rel1.win32_1.0.200.202406191623/tools/bin/../lib/gcc/arm-none-eabi/12.3.1/thumb/v7-m/nofp/crtbegin.o
 *(.init)
 .init          0x08005e08        0x4 C:/ST/STM32CubeIDE_1.16.0/STM32CubeIDE/plugins/com.st.stm32cube.ide.mcu.externaltools.gnu-tools-for-stm32.12.3.rel1.win32_1.0.200.202406191623/tools/bin/../lib/gcc/arm-none-eabi/12.3.1/thumb/v7-m/nofp/crti.o
                0x08005e08                _init
 .init          0x08005e0c        0x8 C:/ST/STM32CubeIDE_1.16.0/STM32CubeIDE/plugins/com.st.stm32cube.ide.mcu.externaltools.gnu-tools-for-stm32.12.3.rel1.win32_1.0.200.202406191623/tools/bin/../lib/gcc/arm-none-eabi/12.3.1/thumb/v7-m/nofp/crtn.o
 *(.fini)
 .fini          0x08005e14        0x4 C:/ST/STM32CubeIDE_1.16.0/STM32CubeIDE/plugins/com.st.stm32cube.ide.mcu.externaltools.gnu-tools-for-stm32.12.3.rel1.win32_1.0.200.202406191623/tools/bin/../lib/gcc/arm-none-eabi/12.3.1/thumb/v7-m/nofp/crti.o
                0x08005e14                _fini
 .fini          0x08005e18        0x8 C:/ST/STM32CubeIDE_1.16.0/STM32CubeIDE/plugins/com.st.stm32cube.ide.mcu.externaltools.gnu-tools-for-stm32.12.3.rel1.win32_1.0.200.202406191623/tools/bin/../lib/gcc/arm-none-eabi/12.3.1/thumb/v7-m/nofp/crtn.o
                0x08005e20                        . = ALIGN (0x4)
                0x08005e20                        _etext = .

.vfp11_veneer   0x08005e20        0x0
 .vfp11_veneer  0x08005e20        0x0 linker stubs

.v4_bx          0x08005e20        0x0
 .v4_bx         0x08005e20        0x0 linker stubs

.iplt           0x08005e20        0x0
 .iplt          0x08005e20        0x0 C:/ST/STM32CubeIDE_1.16.0/STM32CubeIDE/plugins/com.st.stm32cube.ide.mcu.externaltools.gnu-tools-for-stm32.12.3.rel1.win32_1.0.200.202406191623/tools/bin/../lib/gcc/arm-none-eabi/12.3.1/thumb/v7-m/nofp/crtbegin.o

.rodata         0x08005e20     0x15fc
                0x08005e20                        . = ALIGN (0x4)
 *(.rodata)
 .rodata        0x08005e20       0x3c ./Core/Src/oled_controller.o
 .rodata        0x08005e5c       0x95 ./Core/Src/stm32f1xx_it.o
 *(.rodata*)
 *fill*         0x08005ef1        0x3 
 .rodata.Font7x10
                0x08005ef4      0x76c ./Core/Lib/Src/fonts.o
                0x08005ef4                Font7x10
 .rodata.Font11x18
                0x08006660      0xd5c ./Core/Lib/Src/fonts.o
                0x08006660                Font11x18
 .rodata.AHBPrescTable
                0x080073bc       0x10 ./Core/Src/system_stm32f1xx.o
                0x080073bc                AHBPrescTable
 .rodata.APBPrescTable
                0x080073cc        0x8 ./Core/Src/system_stm32f1xx.o
                0x080073cc                APBPrescTable
 .rodata.aPLLMULFactorTable.1
                0x080073d4       0x10 ./Drivers/STM32F1xx_HAL_Driver/Src/stm32f1xx_hal_rcc.o
 .rodata.aPredivFactorTable.0
                0x080073e4        0x2 ./Drivers/STM32F1xx_HAL_Driver/Src/stm32f1xx_hal_rcc.o
 .rodata._svfprintf_r.str1.1
                0x080073e6       0x11 C:/ST/STM32CubeIDE_1.16.0/STM32CubeIDE/plugins/com.st.stm32cube.ide.mcu.externaltools.gnu-tools-for-stm32.12.3.rel1.win32_1.0.200.202406191623/tools/bin/../lib/gcc/arm-none-eabi/12.3.1/../../../../arm-none-eabi/lib/thumb/v7-m/nofp\libc_nano.a(libc_a-nano-svfprintf.o)
 .rodata._vfprintf_r.str1.1
                0x080073f7       0x11 C:/ST/STM32CubeIDE_1.16.0/STM32CubeIDE/plugins/com.st.stm32cube.ide.mcu.externaltools.gnu-tools-for-stm32.12.3.rel1.win32_1.0.200.202406191623/tools/bin/../lib/gcc/arm-none-eabi/12.3.1/../../../../arm-none-eabi/lib/thumb/v7-m/nofp\libc_nano.a(libc_a-nano-vfprintf.o)
 .rodata._printf_i.str1.1
                0x080073f7       0x22 C:/ST/STM32CubeIDE_1.16.0/STM32CubeIDE/plugins/com.st.stm32cube.ide.mcu.externaltools.gnu-tools-for-stm32.12.3.rel1.win32_1.0.200.202406191623/tools/bin/../lib/gcc/arm-none-eabi/12.3.1/../../../../arm-none-eabi/lib/thumb/v7-m/nofp\libc_nano.a(libc_a-nano-vfprintf_i.o)
                0x0800741c                        . = ALIGN (0x4)
 *fill*         0x08007419        0x3 

.ARM.extab      0x0800741c        0x0
                0x0800741c                        . = ALIGN (0x4)
 *(.ARM.extab* .gnu.linkonce.armextab.*)
                0x0800741c                        . = ALIGN (0x4)

.ARM            0x0800741c        0x0
                0x0800741c                        . = ALIGN (0x4)
                0x0800741c                        __exidx_start = .
 *(.ARM.exidx*)
                0x0800741c                        __exidx_end = .
                0x0800741c                        . = ALIGN (0x4)

.preinit_array  0x0800741c        0x0
                0x0800741c                        . = ALIGN (0x4)
                0x0800741c                        PROVIDE (__preinit_array_start = .)
 *(.preinit_array*)
                0x0800741c                        PROVIDE (__preinit_array_end = .)
                0x0800741c                        . = ALIGN (0x4)

.init_array     0x0800741c        0x4
                0x0800741c                        . = ALIGN (0x4)
                0x0800741c                        PROVIDE (__init_array_start = .)
 *(SORT_BY_NAME(.init_array.*))
 *(.init_array*)
 .init_array    0x0800741c        0x4 C:/ST/STM32CubeIDE_1.16.0/STM32CubeIDE/plugins/com.st.stm32cube.ide.mcu.externaltools.gnu-tools-for-stm32.12.3.rel1.win32_1.0.200.202406191623/tools/bin/../lib/gcc/arm-none-eabi/12.3.1/thumb/v7-m/nofp/crtbegin.o
                0x08007420                        PROVIDE (__init_array_end = .)
                0x08007420                        . = ALIGN (0x4)

.fini_array     0x08007420        0x4
                0x08007420                        . = ALIGN (0x4)
                [!provide]                        PROVIDE (__fini_array_start = .)
 *(SORT_BY_NAME(.fini_array.*))
 *(.fini_array*)
 .fini_array    0x08007420        0x4 C:/ST/STM32CubeIDE_1.16.0/STM32CubeIDE/plugins/com.st.stm32cube.ide.mcu.externaltools.gnu-tools-for-stm32.12.3.rel1.win32_1.0.200.202406191623/tools/bin/../lib/gcc/arm-none-eabi/12.3.1/thumb/v7-m/nofp/crtbegin.o
                [!provide]                        PROVIDE (__fini_array_end = .)
                0x08007424                        . = ALIGN (0x4)
                0x08007424                        _sidata = LOADADDR (.data)

.rel.dyn        0x08007424        0x0
 .rel.iplt      0x08007424        0x0 C:/ST/STM32CubeIDE_1.16.0/STM32CubeIDE/plugins/com.st.stm32cube.ide.mcu.externaltools.gnu-tools-for-stm32.12.3.rel1.win32_1.0.200.202406191623/tools/bin/../lib/gcc/arm-none-eabi/12.3.1/thumb/v7-m/nofp/crtbegin.o

.data           0x20000000       0x7c load address 0x08007424
                0x20000000                        . = ALIGN (0x4)
                0x20000000                        _sdata = .
 *(.data)
 *(.data*)
 .data.Font_7x10
                0x20000000        0x8 ./Core/Lib/Src/fonts.o
                0x20000000                Font_7x10
 .data.Font_11x18
                0x20000008        0x8 ./Core/Lib/Src/fonts.o
                0x20000008                Font_11x18
 .data.set_temp
                0x20000010        0x4 ./Core/Src/button_controller.o
                0x20000010                set_temp
 .data.SystemCoreClock
                0x20000014        0x4 ./Core/Src/system_stm32f1xx.o
                0x20000014                SystemCoreClock
 .data.uwTickPrio
                0x20000018        0x4 ./Drivers/STM32F1xx_HAL_Driver/Src/stm32f1xx_hal.o
                0x20000018                uwTickPrio
 .data.uwTickFreq
                0x2000001c        0x1 ./Drivers/STM32F1xx_HAL_Driver/Src/stm32f1xx_hal.o
                0x2000001c                uwTickFreq
 *fill*         0x2000001d        0x3 
 .data.__sglue  0x20000020        0xc C:/ST/STM32CubeIDE_1.16.0/STM32CubeIDE/plugins/com.st.stm32cube.ide.mcu.externaltools.gnu-tools-for-stm32.12.3.rel1.win32_1.0.200.202406191623/tools/bin/../lib/gcc/arm-none-eabi/12.3.1/../../../../arm-none-eabi/lib/thumb/v7-m/nofp\libc_nano.a(libc_a-findfp.o)
                0x20000020                __sglue
 .data._impure_ptr
                0x2000002c        0x4 C:/ST/STM32CubeIDE_1.16.0/STM32CubeIDE/plugins/com.st.stm32cube.ide.mcu.externaltools.gnu-tools-for-stm32.12.3.rel1.win32_1.0.200.202406191623/tools/bin/../lib/gcc/arm-none-eabi/12.3.1/../../../../arm-none-eabi/lib/thumb/v7-m/nofp\libc_nano.a(libc_a-impure.o)
                0x2000002c                _impure_ptr
 .data._impure_data
                0x20000030       0x4c C:/ST/STM32CubeIDE_1.16.0/STM32CubeIDE/plugins/com.st.stm32cube.ide.mcu.externaltools.gnu-tools-for-stm32.12.3.rel1.win32_1.0.200.202406191623/tools/bin/../lib/gcc/arm-none-eabi/12.3.1/../../../../arm-none-eabi/lib/thumb/v7-m/nofp\libc_nano.a(libc_a-impure.o)
                0x20000030                _impure_data
 *(.RamFunc)
 *(.RamFunc*)
                0x2000007c                        . = ALIGN (0x4)
                0x2000007c                        _edata = .

.igot.plt       0x2000007c        0x0 load address 0x080074a0
 .igot.plt      0x2000007c        0x0 C:/ST/STM32CubeIDE_1.16.0/STM32CubeIDE/plugins/com.st.stm32cube.ide.mcu.externaltools.gnu-tools-for-stm32.12.3.rel1.win32_1.0.200.202406191623/tools/bin/../lib/gcc/arm-none-eabi/12.3.1/thumb/v7-m/nofp/crtbegin.o
                0x2000007c                        . = ALIGN (0x4)

.bss            0x2000007c      0x6f0 load address 0x080074a0
                0x2000007c                        _sbss = .
                0x2000007c                        __bss_start__ = _sbss
 *(.bss)
 .bss           0x2000007c       0x1c C:/ST/STM32CubeIDE_1.16.0/STM32CubeIDE/plugins/com.st.stm32cube.ide.mcu.externaltools.gnu-tools-for-stm32.12.3.rel1.win32_1.0.200.202406191623/tools/bin/../lib/gcc/arm-none-eabi/12.3.1/thumb/v7-m/nofp/crtbegin.o
 *(.bss*)
 .bss.ds18b20   0x20000098       0x10 ./Core/Lib/Src/ds18b20.o
                0x20000098                ds18b20
 .bss.OneWire   0x200000a8       0x14 ./Core/Lib/Src/ds18b20.o
                0x200000a8                OneWire
 .bss.OneWireDevices
                0x200000bc        0x1 ./Core/Lib/Src/ds18b20.o
                0x200000bc                OneWireDevices
 .bss.TempSensorCount
                0x200000bd        0x1 ./Core/Lib/Src/ds18b20.o
                0x200000bd                TempSensorCount
 .bss.Ds18b20Timeout
                0x200000be        0x2 ./Core/Lib/Src/ds18b20.o
                0x200000be                Ds18b20Timeout
 .bss.SSD1306_Buffer
                0x200000c0      0x400 ./Core/Lib/Src/ssd1306.o
 .bss.SSD1306   0x200004c0        0x6 ./Core/Lib/Src/ssd1306.o
 *fill*         0x200004c6        0x2 
 .bss.start_sw  0x200004c8        0x4 ./Core/Src/button_controller.o
                0x200004c8                start_sw
 .bss._LED_0F   0x200004cc       0x1d ./Core/Src/fnd_controller.o
                0x200004cc                _LED_0F
 *fill*         0x200004e9        0x3 
 .bss.hi2c2     0x200004ec       0x54 ./Core/Src/main.o
                0x200004ec                hi2c2
 .bss.htim2     0x20000540       0x48 ./Core/Src/main.o
                0x20000540                htim2
 .bss.htim3     0x20000588       0x48 ./Core/Src/main.o
                0x20000588                htim3
 .bss.huart1    0x200005d0       0x48 ./Core/Src/main.o
                0x200005d0                huart1
 .bss.__sbrk_heap_end
                0x20000618        0x4 ./Core/Src/sysmem.o
 .bss.uwTick    0x2000061c        0x4 ./Drivers/STM32F1xx_HAL_Driver/Src/stm32f1xx_hal.o
                0x2000061c                uwTick
 .bss.__sf      0x20000620      0x138 C:/ST/STM32CubeIDE_1.16.0/STM32CubeIDE/plugins/com.st.stm32cube.ide.mcu.externaltools.gnu-tools-for-stm32.12.3.rel1.win32_1.0.200.202406191623/tools/bin/../lib/gcc/arm-none-eabi/12.3.1/../../../../arm-none-eabi/lib/thumb/v7-m/nofp\libc_nano.a(libc_a-findfp.o)
                0x20000620                __sf
 .bss.__stdio_exit_handler
                0x20000758        0x4 C:/ST/STM32CubeIDE_1.16.0/STM32CubeIDE/plugins/com.st.stm32cube.ide.mcu.externaltools.gnu-tools-for-stm32.12.3.rel1.win32_1.0.200.202406191623/tools/bin/../lib/gcc/arm-none-eabi/12.3.1/../../../../arm-none-eabi/lib/thumb/v7-m/nofp\libc_nano.a(libc_a-findfp.o)
                0x20000758                __stdio_exit_handler
 .bss.errno     0x2000075c        0x4 C:/ST/STM32CubeIDE_1.16.0/STM32CubeIDE/plugins/com.st.stm32cube.ide.mcu.externaltools.gnu-tools-for-stm32.12.3.rel1.win32_1.0.200.202406191623/tools/bin/../lib/gcc/arm-none-eabi/12.3.1/../../../../arm-none-eabi/lib/thumb/v7-m/nofp\libc_nano.a(libc_a-reent.o)
                0x2000075c                errno
 .bss.__lock___malloc_recursive_mutex
                0x20000760        0x1 C:/ST/STM32CubeIDE_1.16.0/STM32CubeIDE/plugins/com.st.stm32cube.ide.mcu.externaltools.gnu-tools-for-stm32.12.3.rel1.win32_1.0.200.202406191623/tools/bin/../lib/gcc/arm-none-eabi/12.3.1/../../../../arm-none-eabi/lib/thumb/v7-m/nofp\libc_nano.a(libc_a-lock.o)
                0x20000760                __lock___malloc_recursive_mutex
 .bss.__lock___sfp_recursive_mutex
                0x20000761        0x1 C:/ST/STM32CubeIDE_1.16.0/STM32CubeIDE/plugins/com.st.stm32cube.ide.mcu.externaltools.gnu-tools-for-stm32.12.3.rel1.win32_1.0.200.202406191623/tools/bin/../lib/gcc/arm-none-eabi/12.3.1/../../../../arm-none-eabi/lib/thumb/v7-m/nofp\libc_nano.a(libc_a-lock.o)
                0x20000761                __lock___sfp_recursive_mutex
 *fill*         0x20000762        0x2 
 .bss.__malloc_sbrk_start
                0x20000764        0x4 C:/ST/STM32CubeIDE_1.16.0/STM32CubeIDE/plugins/com.st.stm32cube.ide.mcu.externaltools.gnu-tools-for-stm32.12.3.rel1.win32_1.0.200.202406191623/tools/bin/../lib/gcc/arm-none-eabi/12.3.1/../../../../arm-none-eabi/lib/thumb/v7-m/nofp\libc_nano.a(libc_a-mallocr.o)
                0x20000764                __malloc_sbrk_start
 .bss.__malloc_free_list
                0x20000768        0x4 C:/ST/STM32CubeIDE_1.16.0/STM32CubeIDE/plugins/com.st.stm32cube.ide.mcu.externaltools.gnu-tools-for-stm32.12.3.rel1.win32_1.0.200.202406191623/tools/bin/../lib/gcc/arm-none-eabi/12.3.1/../../../../arm-none-eabi/lib/thumb/v7-m/nofp\libc_nano.a(libc_a-mallocr.o)
                0x20000768                __malloc_free_list
 *(COMMON)
                0x2000076c                        . = ALIGN (0x4)
                0x2000076c                        _ebss = .
                0x2000076c                        __bss_end__ = _ebss

._user_heap_stack
                0x2000076c      0x604 load address 0x080074a0
                0x20000770                        . = ALIGN (0x8)
 *fill*         0x2000076c        0x4 
                [!provide]                        PROVIDE (end = .)
                0x20000770                        PROVIDE (_end = .)
                0x20000970                        . = (. + _Min_Heap_Size)
 *fill*         0x20000770      0x200 
                0x20000d70                        . = (. + _Min_Stack_Size)
 *fill*         0x20000970      0x400 
                0x20000d70                        . = ALIGN (0x8)

/DISCARD/
 libc.a(*)
 libm.a(*)
 libgcc.a(*)

.ARM.attributes
                0x00000000       0x29
 *(.ARM.attributes)
 .ARM.attributes
                0x00000000       0x1d C:/ST/STM32CubeIDE_1.16.0/STM32CubeIDE/plugins/com.st.stm32cube.ide.mcu.externaltools.gnu-tools-for-stm32.12.3.rel1.win32_1.0.200.202406191623/tools/bin/../lib/gcc/arm-none-eabi/12.3.1/thumb/v7-m/nofp/crti.o
 .ARM.attributes
                0x0000001d       0x2d C:/ST/STM32CubeIDE_1.16.0/STM32CubeIDE/plugins/com.st.stm32cube.ide.mcu.externaltools.gnu-tools-for-stm32.12.3.rel1.win32_1.0.200.202406191623/tools/bin/../lib/gcc/arm-none-eabi/12.3.1/thumb/v7-m/nofp/crtbegin.o
 .ARM.attributes
                0x0000004a       0x2d ./Core/Lib/Src/ds18b20.o
 .ARM.attributes
                0x00000077       0x2d ./Core/Lib/Src/fonts.o
 .ARM.attributes
                0x000000a4       0x2d ./Core/Lib/Src/onewire.o
 .ARM.attributes
                0x000000d1       0x2d ./Core/Lib/Src/ssd1306.o
 .ARM.attributes
                0x000000fe       0x2d ./Core/Src/button_controller.o
 .ARM.attributes
                0x0000012b       0x2d ./Core/Src/fnd_controller.o
 .ARM.attributes
                0x00000158       0x2d ./Core/Src/heater_controller.o
 .ARM.attributes
                0x00000185       0x2d ./Core/Src/main.o
 .ARM.attributes
                0x000001b2       0x2d ./Core/Src/oled_controller.o
 .ARM.attributes
                0x000001df       0x2d ./Core/Src/stm32f1xx_hal_msp.o
 .ARM.attributes
                0x0000020c       0x2d ./Core/Src/stm32f1xx_it.o
 .ARM.attributes
                0x00000239       0x2d ./Core/Src/syscalls.o
 .ARM.attributes
                0x00000266       0x2d ./Core/Src/sysmem.o
 .ARM.attributes
                0x00000293       0x2d ./Core/Src/system_stm32f1xx.o
 .ARM.attributes
                0x000002c0       0x21 ./Core/Startup/startup_stm32f103c8tx.o
 .ARM.attributes
                0x000002e1       0x2d ./Drivers/STM32F1xx_HAL_Driver/Src/stm32f1xx_hal.o
 .ARM.attributes
                0x0000030e       0x2d ./Drivers/STM32F1xx_HAL_Driver/Src/stm32f1xx_hal_cortex.o
 .ARM.attributes
                0x0000033b       0x2d ./Drivers/STM32F1xx_HAL_Driver/Src/stm32f1xx_hal_gpio.o
 .ARM.attributes
                0x00000368       0x2d ./Drivers/STM32F1xx_HAL_Driver/Src/stm32f1xx_hal_i2c.o
 .ARM.attributes
                0x00000395       0x2d ./Drivers/STM32F1xx_HAL_Driver/Src/stm32f1xx_hal_rcc.o
 .ARM.attributes
                0x000003c2       0x2d ./Drivers/STM32F1xx_HAL_Driver/Src/stm32f1xx_hal_tim.o
 .ARM.attributes
                0x000003ef       0x2d ./Drivers/STM32F1xx_HAL_Driver/Src/stm32f1xx_hal_tim_ex.o
 .ARM.attributes
                0x0000041c       0x2d ./Drivers/STM32F1xx_HAL_Driver/Src/stm32f1xx_hal_uart.o
 .ARM.attributes
                0x00000449       0x2d C:/ST/STM32CubeIDE_1.16.0/STM32CubeIDE/plugins/com.st.stm32cube.ide.mcu.externaltools.gnu-tools-for-stm32.12.3.rel1.win32_1.0.200.202406191623/tools/bin/../lib/gcc/arm-none-eabi/12.3.1/../../../../arm-none-eabi/lib/thumb/v7-m/nofp\libc_nano.a(libc_a-findfp.o)
 .ARM.attributes
                0x00000476       0x2d C:/ST/STM32CubeIDE_1.16.0/STM32CubeIDE/plugins/com.st.stm32cube.ide.mcu.externaltools.gnu-tools-for-stm32.12.3.rel1.win32_1.0.200.202406191623/tools/bin/../lib/gcc/arm-none-eabi/12.3.1/../../../../arm-none-eabi/lib/thumb/v7-m/nofp\libc_nano.a(libc_a-fwalk.o)
 .ARM.attributes
                0x000004a3       0x2d C:/ST/STM32CubeIDE_1.16.0/STM32CubeIDE/plugins/com.st.stm32cube.ide.mcu.externaltools.gnu-tools-for-stm32.12.3.rel1.win32_1.0.200.202406191623/tools/bin/../lib/gcc/arm-none-eabi/12.3.1/../../../../arm-none-eabi/lib/thumb/v7-m/nofp\libc_nano.a(libc_a-printf.o)
 .ARM.attributes
                0x000004d0       0x2d C:/ST/STM32CubeIDE_1.16.0/STM32CubeIDE/plugins/com.st.stm32cube.ide.mcu.externaltools.gnu-tools-for-stm32.12.3.rel1.win32_1.0.200.202406191623/tools/bin/../lib/gcc/arm-none-eabi/12.3.1/../../../../arm-none-eabi/lib/thumb/v7-m/nofp\libc_nano.a(libc_a-sprintf.o)
 .ARM.attributes
                0x000004fd       0x2d C:/ST/STM32CubeIDE_1.16.0/STM32CubeIDE/plugins/com.st.stm32cube.ide.mcu.externaltools.gnu-tools-for-stm32.12.3.rel1.win32_1.0.200.202406191623/tools/bin/../lib/gcc/arm-none-eabi/12.3.1/../../../../arm-none-eabi/lib/thumb/v7-m/nofp\libc_nano.a(libc_a-stdio.o)
 .ARM.attributes
                0x0000052a       0x2d C:/ST/STM32CubeIDE_1.16.0/STM32CubeIDE/plugins/com.st.stm32cube.ide.mcu.externaltools.gnu-tools-for-stm32.12.3.rel1.win32_1.0.200.202406191623/tools/bin/../lib/gcc/arm-none-eabi/12.3.1/../../../../arm-none-eabi/lib/thumb/v7-m/nofp\libc_nano.a(libc_a-memset.o)
 .ARM.attributes
                0x00000557       0x2d C:/ST/STM32CubeIDE_1.16.0/STM32CubeIDE/plugins/com.st.stm32cube.ide.mcu.externaltools.gnu-tools-for-stm32.12.3.rel1.win32_1.0.200.202406191623/tools/bin/../lib/gcc/arm-none-eabi/12.3.1/../../../../arm-none-eabi/lib/thumb/v7-m/nofp\libc_nano.a(libc_a-closer.o)
 .ARM.attributes
                0x00000584       0x2d C:/ST/STM32CubeIDE_1.16.0/STM32CubeIDE/plugins/com.st.stm32cube.ide.mcu.externaltools.gnu-tools-for-stm32.12.3.rel1.win32_1.0.200.202406191623/tools/bin/../lib/gcc/arm-none-eabi/12.3.1/../../../../arm-none-eabi/lib/thumb/v7-m/nofp\libc_nano.a(libc_a-reent.o)
 .ARM.attributes
                0x000005b1       0x2d C:/ST/STM32CubeIDE_1.16.0/STM32CubeIDE/plugins/com.st.stm32cube.ide.mcu.externaltools.gnu-tools-for-stm32.12.3.rel1.win32_1.0.200.202406191623/tools/bin/../lib/gcc/arm-none-eabi/12.3.1/../../../../arm-none-eabi/lib/thumb/v7-m/nofp\libc_nano.a(libc_a-impure.o)
 .ARM.attributes
                0x000005de       0x2d C:/ST/STM32CubeIDE_1.16.0/STM32CubeIDE/plugins/com.st.stm32cube.ide.mcu.externaltools.gnu-tools-for-stm32.12.3.rel1.win32_1.0.200.202406191623/tools/bin/../lib/gcc/arm-none-eabi/12.3.1/../../../../arm-none-eabi/lib/thumb/v7-m/nofp\libc_nano.a(libc_a-lseekr.o)
 .ARM.attributes
                0x0000060b       0x2d C:/ST/STM32CubeIDE_1.16.0/STM32CubeIDE/plugins/com.st.stm32cube.ide.mcu.externaltools.gnu-tools-for-stm32.12.3.rel1.win32_1.0.200.202406191623/tools/bin/../lib/gcc/arm-none-eabi/12.3.1/../../../../arm-none-eabi/lib/thumb/v7-m/nofp\libc_nano.a(libc_a-readr.o)
 .ARM.attributes
                0x00000638       0x2d C:/ST/STM32CubeIDE_1.16.0/STM32CubeIDE/plugins/com.st.stm32cube.ide.mcu.externaltools.gnu-tools-for-stm32.12.3.rel1.win32_1.0.200.202406191623/tools/bin/../lib/gcc/arm-none-eabi/12.3.1/../../../../arm-none-eabi/lib/thumb/v7-m/nofp\libc_nano.a(libc_a-writer.o)
 .ARM.attributes
                0x00000665       0x2d C:/ST/STM32CubeIDE_1.16.0/STM32CubeIDE/plugins/com.st.stm32cube.ide.mcu.externaltools.gnu-tools-for-stm32.12.3.rel1.win32_1.0.200.202406191623/tools/bin/../lib/gcc/arm-none-eabi/12.3.1/../../../../arm-none-eabi/lib/thumb/v7-m/nofp\libc_nano.a(libc_a-errno.o)
 .ARM.attributes
                0x00000692       0x2d C:/ST/STM32CubeIDE_1.16.0/STM32CubeIDE/plugins/com.st.stm32cube.ide.mcu.externaltools.gnu-tools-for-stm32.12.3.rel1.win32_1.0.200.202406191623/tools/bin/../lib/gcc/arm-none-eabi/12.3.1/../../../../arm-none-eabi/lib/thumb/v7-m/nofp\libc_nano.a(libc_a-init.o)
 .ARM.attributes
                0x000006bf       0x2d C:/ST/STM32CubeIDE_1.16.0/STM32CubeIDE/plugins/com.st.stm32cube.ide.mcu.externaltools.gnu-tools-for-stm32.12.3.rel1.win32_1.0.200.202406191623/tools/bin/../lib/gcc/arm-none-eabi/12.3.1/../../../../arm-none-eabi/lib/thumb/v7-m/nofp\libc_nano.a(libc_a-lock.o)
 .ARM.attributes
                0x000006ec       0x2d C:/ST/STM32CubeIDE_1.16.0/STM32CubeIDE/plugins/com.st.stm32cube.ide.mcu.externaltools.gnu-tools-for-stm32.12.3.rel1.win32_1.0.200.202406191623/tools/bin/../lib/gcc/arm-none-eabi/12.3.1/../../../../arm-none-eabi/lib/thumb/v7-m/nofp\libc_nano.a(libc_a-freer.o)
 .ARM.attributes
                0x00000719       0x2d C:/ST/STM32CubeIDE_1.16.0/STM32CubeIDE/plugins/com.st.stm32cube.ide.mcu.externaltools.gnu-tools-for-stm32.12.3.rel1.win32_1.0.200.202406191623/tools/bin/../lib/gcc/arm-none-eabi/12.3.1/../../../../arm-none-eabi/lib/thumb/v7-m/nofp\libc_nano.a(libc_a-mallocr.o)
 .ARM.attributes
                0x00000746       0x2d C:/ST/STM32CubeIDE_1.16.0/STM32CubeIDE/plugins/com.st.stm32cube.ide.mcu.externaltools.gnu-tools-for-stm32.12.3.rel1.win32_1.0.200.202406191623/tools/bin/../lib/gcc/arm-none-eabi/12.3.1/../../../../arm-none-eabi/lib/thumb/v7-m/nofp\libc_nano.a(libc_a-mlock.o)
 .ARM.attributes
                0x00000773       0x2d C:/ST/STM32CubeIDE_1.16.0/STM32CubeIDE/plugins/com.st.stm32cube.ide.mcu.externaltools.gnu-tools-for-stm32.12.3.rel1.win32_1.0.200.202406191623/tools/bin/../lib/gcc/arm-none-eabi/12.3.1/../../../../arm-none-eabi/lib/thumb/v7-m/nofp\libc_nano.a(libc_a-nano-svfprintf.o)
 .ARM.attributes
                0x000007a0       0x2d C:/ST/STM32CubeIDE_1.16.0/STM32CubeIDE/plugins/com.st.stm32cube.ide.mcu.externaltools.gnu-tools-for-stm32.12.3.rel1.win32_1.0.200.202406191623/tools/bin/../lib/gcc/arm-none-eabi/12.3.1/../../../../arm-none-eabi/lib/thumb/v7-m/nofp\libc_nano.a(libc_a-nano-vfprintf.o)
 .ARM.attributes
                0x000007cd       0x2d C:/ST/STM32CubeIDE_1.16.0/STM32CubeIDE/plugins/com.st.stm32cube.ide.mcu.externaltools.gnu-tools-for-stm32.12.3.rel1.win32_1.0.200.202406191623/tools/bin/../lib/gcc/arm-none-eabi/12.3.1/../../../../arm-none-eabi/lib/thumb/v7-m/nofp\libc_nano.a(libc_a-nano-vfprintf_i.o)
 .ARM.attributes
                0x000007fa       0x2d C:/ST/STM32CubeIDE_1.16.0/STM32CubeIDE/plugins/com.st.stm32cube.ide.mcu.externaltools.gnu-tools-for-stm32.12.3.rel1.win32_1.0.200.202406191623/tools/bin/../lib/gcc/arm-none-eabi/12.3.1/../../../../arm-none-eabi/lib/thumb/v7-m/nofp\libc_nano.a(libc_a-fflush.o)
 .ARM.attributes
                0x00000827       0x2d C:/ST/STM32CubeIDE_1.16.0/STM32CubeIDE/plugins/com.st.stm32cube.ide.mcu.externaltools.gnu-tools-for-stm32.12.3.rel1.win32_1.0.200.202406191623/tools/bin/../lib/gcc/arm-none-eabi/12.3.1/../../../../arm-none-eabi/lib/thumb/v7-m/nofp\libc_nano.a(libc_a-wbuf.o)
 .ARM.attributes
                0x00000854       0x2d C:/ST/STM32CubeIDE_1.16.0/STM32CubeIDE/plugins/com.st.stm32cube.ide.mcu.externaltools.gnu-tools-for-stm32.12.3.rel1.win32_1.0.200.202406191623/tools/bin/../lib/gcc/arm-none-eabi/12.3.1/../../../../arm-none-eabi/lib/thumb/v7-m/nofp\libc_nano.a(libc_a-wsetup.o)
 .ARM.attributes
                0x00000881       0x2d C:/ST/STM32CubeIDE_1.16.0/STM32CubeIDE/plugins/com.st.stm32cube.ide.mcu.externaltools.gnu-tools-for-stm32.12.3.rel1.win32_1.0.200.202406191623/tools/bin/../lib/gcc/arm-none-eabi/12.3.1/../../../../arm-none-eabi/lib/thumb/v7-m/nofp\libc_nano.a(libc_a-memmove.o)
 .ARM.attributes
                0x000008ae       0x2d C:/ST/STM32CubeIDE_1.16.0/STM32CubeIDE/plugins/com.st.stm32cube.ide.mcu.externaltools.gnu-tools-for-stm32.12.3.rel1.win32_1.0.200.202406191623/tools/bin/../lib/gcc/arm-none-eabi/12.3.1/../../../../arm-none-eabi/lib/thumb/v7-m/nofp\libc_nano.a(libc_a-sbrkr.o)
 .ARM.attributes
                0x000008db       0x2d C:/ST/STM32CubeIDE_1.16.0/STM32CubeIDE/plugins/com.st.stm32cube.ide.mcu.externaltools.gnu-tools-for-stm32.12.3.rel1.win32_1.0.200.202406191623/tools/bin/../lib/gcc/arm-none-eabi/12.3.1/../../../../arm-none-eabi/lib/thumb/v7-m/nofp\libc_nano.a(libc_a-memchr-stub.o)
 .ARM.attributes
                0x00000908       0x2d C:/ST/STM32CubeIDE_1.16.0/STM32CubeIDE/plugins/com.st.stm32cube.ide.mcu.externaltools.gnu-tools-for-stm32.12.3.rel1.win32_1.0.200.202406191623/tools/bin/../lib/gcc/arm-none-eabi/12.3.1/../../../../arm-none-eabi/lib/thumb/v7-m/nofp\libc_nano.a(libc_a-memcpy-stub.o)
 .ARM.attributes
                0x00000935       0x2d C:/ST/STM32CubeIDE_1.16.0/STM32CubeIDE/plugins/com.st.stm32cube.ide.mcu.externaltools.gnu-tools-for-stm32.12.3.rel1.win32_1.0.200.202406191623/tools/bin/../lib/gcc/arm-none-eabi/12.3.1/../../../../arm-none-eabi/lib/thumb/v7-m/nofp\libc_nano.a(libc_a-reallocr.o)
 .ARM.attributes
                0x00000962       0x2d C:/ST/STM32CubeIDE_1.16.0/STM32CubeIDE/plugins/com.st.stm32cube.ide.mcu.externaltools.gnu-tools-for-stm32.12.3.rel1.win32_1.0.200.202406191623/tools/bin/../lib/gcc/arm-none-eabi/12.3.1/../../../../arm-none-eabi/lib/thumb/v7-m/nofp\libc_nano.a(libc_a-makebuf.o)
 .ARM.attributes
                0x0000098f       0x2d C:/ST/STM32CubeIDE_1.16.0/STM32CubeIDE/plugins/com.st.stm32cube.ide.mcu.externaltools.gnu-tools-for-stm32.12.3.rel1.win32_1.0.200.202406191623/tools/bin/../lib/gcc/arm-none-eabi/12.3.1/../../../../arm-none-eabi/lib/thumb/v7-m/nofp\libc_nano.a(libc_a-fstatr.o)
 .ARM.attributes
                0x000009bc       0x2d C:/ST/STM32CubeIDE_1.16.0/STM32CubeIDE/plugins/com.st.stm32cube.ide.mcu.externaltools.gnu-tools-for-stm32.12.3.rel1.win32_1.0.200.202406191623/tools/bin/../lib/gcc/arm-none-eabi/12.3.1/../../../../arm-none-eabi/lib/thumb/v7-m/nofp\libc_nano.a(libc_a-isattyr.o)
 .ARM.attributes
                0x000009e9       0x2d C:/ST/STM32CubeIDE_1.16.0/STM32CubeIDE/plugins/com.st.stm32cube.ide.mcu.externaltools.gnu-tools-for-stm32.12.3.rel1.win32_1.0.200.202406191623/tools/bin/../lib/gcc/arm-none-eabi/12.3.1/../../../../arm-none-eabi/lib/thumb/v7-m/nofp\libc_nano.a(libc_a-msizer.o)
 .ARM.attributes
                0x00000a16       0x1d C:/ST/STM32CubeIDE_1.16.0/STM32CubeIDE/plugins/com.st.stm32cube.ide.mcu.externaltools.gnu-tools-for-stm32.12.3.rel1.win32_1.0.200.202406191623/tools/bin/../lib/gcc/arm-none-eabi/12.3.1/thumb/v7-m/nofp\libgcc.a(_arm_mulsf3.o)
 .ARM.attributes
                0x00000a33       0x1d C:/ST/STM32CubeIDE_1.16.0/STM32CubeIDE/plugins/com.st.stm32cube.ide.mcu.externaltools.gnu-tools-for-stm32.12.3.rel1.win32_1.0.200.202406191623/tools/bin/../lib/gcc/arm-none-eabi/12.3.1/thumb/v7-m/nofp\libgcc.a(_arm_addsubsf3.o)
 .ARM.attributes
                0x00000a50       0x1d C:/ST/STM32CubeIDE_1.16.0/STM32CubeIDE/plugins/com.st.stm32cube.ide.mcu.externaltools.gnu-tools-for-stm32.12.3.rel1.win32_1.0.200.202406191623/tools/bin/../lib/gcc/arm-none-eabi/12.3.1/thumb/v7-m/nofp\libgcc.a(_arm_fixsfsi.o)
 .ARM.attributes
                0x00000a6d       0x1d C:/ST/STM32CubeIDE_1.16.0/STM32CubeIDE/plugins/com.st.stm32cube.ide.mcu.externaltools.gnu-tools-for-stm32.12.3.rel1.win32_1.0.200.202406191623/tools/bin/../lib/gcc/arm-none-eabi/12.3.1/thumb/v7-m/nofp/crtn.o
OUTPUT(project.elf elf32-littlearm)
LOAD linker stubs
LOAD C:/ST/STM32CubeIDE_1.16.0/STM32CubeIDE/plugins/com.st.stm32cube.ide.mcu.externaltools.gnu-tools-for-stm32.12.3.rel1.win32_1.0.200.202406191623/tools/bin/../lib/gcc/arm-none-eabi/12.3.1/../../../../arm-none-eabi/lib/thumb/v7-m/nofp\libc.a
LOAD C:/ST/STM32CubeIDE_1.16.0/STM32CubeIDE/plugins/com.st.stm32cube.ide.mcu.externaltools.gnu-tools-for-stm32.12.3.rel1.win32_1.0.200.202406191623/tools/bin/../lib/gcc/arm-none-eabi/12.3.1/../../../../arm-none-eabi/lib/thumb/v7-m/nofp\libm.a
LOAD C:/ST/STM32CubeIDE_1.16.0/STM32CubeIDE/plugins/com.st.stm32cube.ide.mcu.externaltools.gnu-tools-for-stm32.12.3.rel1.win32_1.0.200.202406191623/tools/bin/../lib/gcc/arm-none-eabi/12.3.1/thumb/v7-m/nofp\libgcc.a

.debug_info     0x00000000    0x12718
 .debug_info    0x00000000      0xdbf ./Core/Lib/Src/ds18b20.o
 .debug_info    0x00000dbf      0x255 ./Core/Lib/Src/fonts.o
 .debug_info    0x00001014      0xda2 ./Core/Lib/Src/onewire.o
 .debug_info    0x00001db6     0x1028 ./Core/Lib/Src/ssd1306.o
 .debug_info    0x00002dde      0x1d3 ./Core/Src/button_controller.o
 .debug_info    0x00002fb1      0x446 ./Core/Src/fnd_controller.o
 .debug_info    0x000033f7      0x22e ./Core/Src/heater_controller.o
 .debug_info    0x00003625     0x14c4 ./Core/Src/main.o
 .debug_info    0x00004ae9      0x817 ./Core/Src/oled_controller.o
 .debug_info    0x00005300     0x106d ./Core/Src/stm32f1xx_hal_msp.o
 .debug_info    0x0000636d      0x83e ./Core/Src/stm32f1xx_it.o
 .debug_info    0x00006bab      0x6a3 ./Core/Src/syscalls.o
 .debug_info    0x0000724e      0x168 ./Core/Src/sysmem.o
 .debug_info    0x000073b6      0x222 ./Core/Src/system_stm32f1xx.o
 .debug_info    0x000075d8       0x30 ./Core/Startup/startup_stm32f103c8tx.o
 .debug_info    0x00007608      0x704 ./Drivers/STM32F1xx_HAL_Driver/Src/stm32f1xx_hal.o
 .debug_info    0x00007d0c      0xa87 ./Drivers/STM32F1xx_HAL_Driver/Src/stm32f1xx_hal_cortex.o
 .debug_info    0x00008793      0x5ab ./Drivers/STM32F1xx_HAL_Driver/Src/stm32f1xx_hal_gpio.o
 .debug_info    0x00008d3e     0x2524 ./Drivers/STM32F1xx_HAL_Driver/Src/stm32f1xx_hal_i2c.o
 .debug_info    0x0000b262      0x7d5 ./Drivers/STM32F1xx_HAL_Driver/Src/stm32f1xx_hal_rcc.o
 .debug_info    0x0000ba37     0x2959 ./Drivers/STM32F1xx_HAL_Driver/Src/stm32f1xx_hal_tim.o
 .debug_info    0x0000e390     0x149b ./Drivers/STM32F1xx_HAL_Driver/Src/stm32f1xx_hal_tim_ex.o
 .debug_info    0x0000f82b     0x2eed ./Drivers/STM32F1xx_HAL_Driver/Src/stm32f1xx_hal_uart.o

.debug_abbrev   0x00000000     0x3011
 .debug_abbrev  0x00000000      0x315 ./Core/Lib/Src/ds18b20.o
 .debug_abbrev  0x00000315      0x11c ./Core/Lib/Src/fonts.o
 .debug_abbrev  0x00000431      0x313 ./Core/Lib/Src/onewire.o
 .debug_abbrev  0x00000744      0x30d ./Core/Lib/Src/ssd1306.o
 .debug_abbrev  0x00000a51      0x122 ./Core/Src/button_controller.o
 .debug_abbrev  0x00000b73      0x185 ./Core/Src/fnd_controller.o
 .debug_abbrev  0x00000cf8      0x14c ./Core/Src/heater_controller.o
 .debug_abbrev  0x00000e44      0x3ae ./Core/Src/main.o
 .debug_abbrev  0x000011f2      0x1f1 ./Core/Src/oled_controller.o
 .debug_abbrev  0x000013e3      0x209 ./Core/Src/stm32f1xx_hal_msp.o
 .debug_abbrev  0x000015ec      0x246 ./Core/Src/stm32f1xx_it.o
 .debug_abbrev  0x00001832      0x1b6 ./Core/Src/syscalls.o
 .debug_abbrev  0x000019e8       0xbc ./Core/Src/sysmem.o
 .debug_abbrev  0x00001aa4      0x13f ./Core/Src/system_stm32f1xx.o
 .debug_abbrev  0x00001be3       0x24 ./Core/Startup/startup_stm32f103c8tx.o
 .debug_abbrev  0x00001c07      0x201 ./Drivers/STM32F1xx_HAL_Driver/Src/stm32f1xx_hal.o
 .debug_abbrev  0x00001e08      0x2f8 ./Drivers/STM32F1xx_HAL_Driver/Src/stm32f1xx_hal_cortex.o
 .debug_abbrev  0x00002100      0x1ca ./Drivers/STM32F1xx_HAL_Driver/Src/stm32f1xx_hal_gpio.o
 .debug_abbrev  0x000022ca      0x2a3 ./Drivers/STM32F1xx_HAL_Driver/Src/stm32f1xx_hal_i2c.o
 .debug_abbrev  0x0000256d      0x2b3 ./Drivers/STM32F1xx_HAL_Driver/Src/stm32f1xx_hal_rcc.o
 .debug_abbrev  0x00002820      0x277 ./Drivers/STM32F1xx_HAL_Driver/Src/stm32f1xx_hal_tim.o
 .debug_abbrev  0x00002a97      0x282 ./Drivers/STM32F1xx_HAL_Driver/Src/stm32f1xx_hal_tim_ex.o
 .debug_abbrev  0x00002d19      0x2f8 ./Drivers/STM32F1xx_HAL_Driver/Src/stm32f1xx_hal_uart.o

.debug_aranges  0x00000000     0x1260
 .debug_aranges
                0x00000000       0x88 ./Core/Lib/Src/ds18b20.o
 .debug_aranges
                0x00000088       0x20 ./Core/Lib/Src/fonts.o
 .debug_aranges
                0x000000a8       0xd0 ./Core/Lib/Src/onewire.o
 .debug_aranges
                0x00000178       0xf8 ./Core/Lib/Src/ssd1306.o
 .debug_aranges
                0x00000270       0x20 ./Core/Src/button_controller.o
 .debug_aranges
                0x00000290       0x78 ./Core/Src/fnd_controller.o
 .debug_aranges
                0x00000308       0x28 ./Core/Src/heater_controller.o
 .debug_aranges
                0x00000330       0x60 ./Core/Src/main.o
 .debug_aranges
                0x00000390       0x38 ./Core/Src/oled_controller.o
 .debug_aranges
                0x000003c8       0x50 ./Core/Src/stm32f1xx_hal_msp.o
 .debug_aranges
                0x00000418       0x80 ./Core/Src/stm32f1xx_it.o
 .debug_aranges
                0x00000498       0xa8 ./Core/Src/syscalls.o
 .debug_aranges
                0x00000540       0x20 ./Core/Src/sysmem.o
 .debug_aranges
                0x00000560       0x28 ./Core/Src/system_stm32f1xx.o
 .debug_aranges
                0x00000588       0x28 ./Core/Startup/startup_stm32f103c8tx.o
 .debug_aranges
                0x000005b0       0xe0 ./Drivers/STM32F1xx_HAL_Driver/Src/stm32f1xx_hal.o
 .debug_aranges
                0x00000690      0x100 ./Drivers/STM32F1xx_HAL_Driver/Src/stm32f1xx_hal_cortex.o
 .debug_aranges
                0x00000790       0x58 ./Drivers/STM32F1xx_HAL_Driver/Src/stm32f1xx_hal_gpio.o
 .debug_aranges
                0x000007e8      0x2a8 ./Drivers/STM32F1xx_HAL_Driver/Src/stm32f1xx_hal_i2c.o
 .debug_aranges
                0x00000a90       0x90 ./Drivers/STM32F1xx_HAL_Driver/Src/stm32f1xx_hal_rcc.o
 .debug_aranges
                0x00000b20      0x3d0 ./Drivers/STM32F1xx_HAL_Driver/Src/stm32f1xx_hal_tim.o
 .debug_aranges
                0x00000ef0      0x168 ./Drivers/STM32F1xx_HAL_Driver/Src/stm32f1xx_hal_tim_ex.o
 .debug_aranges
                0x00001058      0x208 ./Drivers/STM32F1xx_HAL_Driver/Src/stm32f1xx_hal_uart.o

.debug_rnglists
                0x00000000      0xe5d
 .debug_rnglists
                0x00000000       0x68 ./Core/Lib/Src/ds18b20.o
 .debug_rnglists
                0x00000068       0x13 ./Core/Lib/Src/fonts.o
 .debug_rnglists
                0x0000007b       0x99 ./Core/Lib/Src/onewire.o
 .debug_rnglists
                0x00000114       0xc2 ./Core/Lib/Src/ssd1306.o
 .debug_rnglists
                0x000001d6       0x13 ./Core/Src/button_controller.o
 .debug_rnglists
                0x000001e9       0x59 ./Core/Src/fnd_controller.o
 .debug_rnglists
                0x00000242       0x19 ./Core/Src/heater_controller.o
 .debug_rnglists
                0x0000025b       0x47 ./Core/Src/main.o
 .debug_rnglists
                0x000002a2       0x27 ./Core/Src/oled_controller.o
 .debug_rnglists
                0x000002c9       0x3a ./Core/Src/stm32f1xx_hal_msp.o
 .debug_rnglists
                0x00000303       0x5b ./Core/Src/stm32f1xx_it.o
 .debug_rnglists
                0x0000035e       0x79 ./Core/Src/syscalls.o
 .debug_rnglists
                0x000003d7       0x13 ./Core/Src/sysmem.o
 .debug_rnglists
                0x000003ea       0x1a ./Core/Src/system_stm32f1xx.o
 .debug_rnglists
                0x00000404       0x19 ./Core/Startup/startup_stm32f103c8tx.o
 .debug_rnglists
                0x0000041d       0xa3 ./Drivers/STM32F1xx_HAL_Driver/Src/stm32f1xx_hal.o
 .debug_rnglists
                0x000004c0       0xbb ./Drivers/STM32F1xx_HAL_Driver/Src/stm32f1xx_hal_cortex.o
 .debug_rnglists
                0x0000057b       0x3f ./Drivers/STM32F1xx_HAL_Driver/Src/stm32f1xx_hal_gpio.o
 .debug_rnglists
                0x000005ba      0x23c ./Drivers/STM32F1xx_HAL_Driver/Src/stm32f1xx_hal_i2c.o
 .debug_rnglists
                0x000007f6       0x6c ./Drivers/STM32F1xx_HAL_Driver/Src/stm32f1xx_hal_rcc.o
 .debug_rnglists
                0x00000862      0x31a ./Drivers/STM32F1xx_HAL_Driver/Src/stm32f1xx_hal_tim.o
 .debug_rnglists
                0x00000b7c      0x125 ./Drivers/STM32F1xx_HAL_Driver/Src/stm32f1xx_hal_tim_ex.o
 .debug_rnglists
                0x00000ca1      0x1bc ./Drivers/STM32F1xx_HAL_Driver/Src/stm32f1xx_hal_uart.o

.debug_macro    0x00000000    0x1a033
 .debug_macro   0x00000000      0x1ec ./Core/Lib/Src/ds18b20.o
 .debug_macro   0x000001ec      0xaa8 ./Core/Lib/Src/ds18b20.o
 .debug_macro   0x00000c94      0x221 ./Core/Lib/Src/ds18b20.o
 .debug_macro   0x00000eb5       0x2e ./Core/Lib/Src/ds18b20.o
 .debug_macro   0x00000ee3       0x22 ./Core/Lib/Src/ds18b20.o
 .debug_macro   0x00000f05       0x22 ./Core/Lib/Src/ds18b20.o
 .debug_macro   0x00000f27       0x8e ./Core/Lib/Src/ds18b20.o
 .debug_macro   0x00000fb5       0x51 ./Core/Lib/Src/ds18b20.o
 .debug_macro   0x00001006      0x103 ./Core/Lib/Src/ds18b20.o
 .debug_macro   0x00001109       0x6a ./Core/Lib/Src/ds18b20.o
 .debug_macro   0x00001173      0x1df ./Core/Lib/Src/ds18b20.o
 .debug_macro   0x00001352       0x1c ./Core/Lib/Src/ds18b20.o
 .debug_macro   0x0000136e       0x22 ./Core/Lib/Src/ds18b20.o
 .debug_macro   0x00001390       0xbd ./Core/Lib/Src/ds18b20.o
 .debug_macro   0x0000144d      0xd23 ./Core/Lib/Src/ds18b20.o
 .debug_macro   0x00002170     0xe09e ./Core/Lib/Src/ds18b20.o
 .debug_macro   0x0001020e       0x6d ./Core/Lib/Src/ds18b20.o
 .debug_macro   0x0001027b     0x34a2 ./Core/Lib/Src/ds18b20.o
 .debug_macro   0x0001371d      0x189 ./Core/Lib/Src/ds18b20.o
 .debug_macro   0x000138a6       0x5c ./Core/Lib/Src/ds18b20.o
 .debug_macro   0x00013902      0x5bc ./Core/Lib/Src/ds18b20.o
 .debug_macro   0x00013ebe      0x289 ./Core/Lib/Src/ds18b20.o
 .debug_macro   0x00014147      0x1cb ./Core/Lib/Src/ds18b20.o
 .debug_macro   0x00014312      0x114 ./Core/Lib/Src/ds18b20.o
 .debug_macro   0x00014426      0x1b2 ./Core/Lib/Src/ds18b20.o
 .debug_macro   0x000145d8       0x27 ./Core/Lib/Src/ds18b20.o
 .debug_macro   0x000145ff      0x136 ./Core/Lib/Src/ds18b20.o
 .debug_macro   0x00014735      0x1bc ./Core/Lib/Src/ds18b20.o
 .debug_macro   0x000148f1       0x34 ./Core/Lib/Src/ds18b20.o
 .debug_macro   0x00014925       0x3c ./Core/Lib/Src/ds18b20.o
 .debug_macro   0x00014961       0x57 ./Core/Lib/Src/ds18b20.o
 .debug_macro   0x000149b8       0x87 ./Core/Lib/Src/ds18b20.o
 .debug_macro   0x00014a3f      0x240 ./Core/Lib/Src/ds18b20.o
 .debug_macro   0x00014c7f      0x287 ./Core/Lib/Src/ds18b20.o
 .debug_macro   0x00014f06      0x140 ./Core/Lib/Src/ds18b20.o
 .debug_macro   0x00015046      0x8ed ./Core/Lib/Src/ds18b20.o
 .debug_macro   0x00015933      0x28e ./Core/Lib/Src/ds18b20.o
 .debug_macro   0x00015bc1       0x83 ./Core/Lib/Src/ds18b20.o
 .debug_macro   0x00015c44       0x88 ./Core/Lib/Src/ds18b20.o
 .debug_macro   0x00015ccc       0x40 ./Core/Lib/Src/ds18b20.o
 .debug_macro   0x00015d0c       0x2e ./Core/Lib/Src/ds18b20.o
 .debug_macro   0x00015d3a       0x22 ./Core/Lib/Src/ds18b20.o
 .debug_macro   0x00015d5c       0x46 ./Core/Lib/Src/ds18b20.o
 .debug_macro   0x00015da2      0x285 ./Core/Lib/Src/fonts.o
 .debug_macro   0x00016027       0x61 ./Core/Lib/Src/fonts.o
 .debug_macro   0x00016088       0x24 ./Core/Lib/Src/fonts.o
 .debug_macro   0x000160ac       0x43 ./Core/Lib/Src/fonts.o
 .debug_macro   0x000160ef       0x34 ./Core/Lib/Src/fonts.o
 .debug_macro   0x00016123       0x16 ./Core/Lib/Src/fonts.o
 .debug_macro   0x00016139       0x43 ./Core/Lib/Src/fonts.o
 .debug_macro   0x0001617c       0x34 ./Core/Lib/Src/fonts.o
 .debug_macro   0x000161b0       0x10 ./Core/Lib/Src/fonts.o
 .debug_macro   0x000161c0       0x58 ./Core/Lib/Src/fonts.o
 .debug_macro   0x00016218       0x8e ./Core/Lib/Src/fonts.o
 .debug_macro   0x000162a6       0x1c ./Core/Lib/Src/fonts.o
 .debug_macro   0x000162c2      0x177 ./Core/Lib/Src/fonts.o
 .debug_macro   0x00016439      0x369 ./Core/Lib/Src/fonts.o
 .debug_macro   0x000167a2       0x10 ./Core/Lib/Src/fonts.o
 .debug_macro   0x000167b2       0x35 ./Core/Lib/Src/fonts.o
 .debug_macro   0x000167e7       0x20 ./Core/Lib/Src/fonts.o
 .debug_macro   0x00016807      0x1d4 ./Core/Lib/Src/onewire.o
 .debug_macro   0x000169db      0x310 ./Core/Lib/Src/ssd1306.o
 .debug_macro   0x00016ceb       0x16 ./Core/Lib/Src/ssd1306.o
 .debug_macro   0x00016d01       0x16 ./Core/Lib/Src/ssd1306.o
 .debug_macro   0x00016d17       0x29 ./Core/Lib/Src/ssd1306.o
 .debug_macro   0x00016d40       0x23 ./Core/Lib/Src/ssd1306.o
 .debug_macro   0x00016d63      0x1dc ./Core/Src/button_controller.o
 .debug_macro   0x00016f3f      0x1c6 ./Core/Src/fnd_controller.o
 .debug_macro   0x00017105      0x204 ./Core/Src/heater_controller.o
 .debug_macro   0x00017309      0x389 ./Core/Src/main.o
 .debug_macro   0x00017692       0x16 ./Core/Src/main.o
 .debug_macro   0x000176a8       0x10 ./Core/Src/main.o
 .debug_macro   0x000176b8       0x16 ./Core/Src/main.o
 .debug_macro   0x000176ce       0x16 ./Core/Src/main.o
 .debug_macro   0x000176e4      0x146 ./Core/Src/main.o
 .debug_macro   0x0001782a       0x46 ./Core/Src/main.o
 .debug_macro   0x00017870       0x16 ./Core/Src/main.o
 .debug_macro   0x00017886      0x353 ./Core/Src/oled_controller.o
 .debug_macro   0x00017bd9       0x1c ./Core/Src/oled_controller.o
 .debug_macro   0x00017bf5       0x1c ./Core/Src/oled_controller.o
 .debug_macro   0x00017c11      0x1bc ./Core/Src/stm32f1xx_hal_msp.o
 .debug_macro   0x00017dcd      0x2e0 ./Core/Src/stm32f1xx_it.o
 .debug_macro   0x000180ad      0x274 ./Core/Src/syscalls.o
 .debug_macro   0x00018321       0x5b ./Core/Src/syscalls.o
 .debug_macro   0x0001837c       0x94 ./Core/Src/syscalls.o
 .debug_macro   0x00018410       0x57 ./Core/Src/syscalls.o
 .debug_macro   0x00018467       0x10 ./Core/Src/syscalls.o
 .debug_macro   0x00018477       0x10 ./Core/Src/syscalls.o
 .debug_macro   0x00018487       0x10 ./Core/Src/syscalls.o
 .debug_macro   0x00018497       0x10 ./Core/Src/syscalls.o
 .debug_macro   0x000184a7       0x1c ./Core/Src/syscalls.o
 .debug_macro   0x000184c3       0x52 ./Core/Src/syscalls.o
 .debug_macro   0x00018515       0x22 ./Core/Src/syscalls.o
 .debug_macro   0x00018537       0x10 ./Core/Src/syscalls.o
 .debug_macro   0x00018547       0x52 ./Core/Src/syscalls.o
 .debug_macro   0x00018599       0xcf ./Core/Src/syscalls.o
 .debug_macro   0x00018668       0x1c ./Core/Src/syscalls.o
 .debug_macro   0x00018684       0x3d ./Core/Src/syscalls.o
 .debug_macro   0x000186c1       0x35 ./Core/Src/syscalls.o
 .debug_macro   0x000186f6      0x12c ./Core/Src/syscalls.o
 .debug_macro   0x00018822       0x10 ./Core/Src/syscalls.o