../Core/Lib/Src/onewire.c:26:6:ONEWIRE_DELAY	16	static
../Core/Lib/Src/onewire.c:31:6:ONEWIRE_LOW	16	static
../Core/Lib/Src/onewire.c:35:6:ONEWIRE_HIGH	16	static
../Core/Lib/Src/onewire.c:39:6:ONEWIRE_INPUT	32	static
../Core/Lib/Src/onewire.c:48:6:ONEWIRE_OUTPUT	32	static
../Core/Lib/Src/onewire.c:58:6:OneWire_Init	24	static
../Core/Lib/Src/onewire.c:73:16:OneWire_Reset	24	static
../Core/Lib/Src/onewire.c:94:13:OneWire_WriteBit	16	static
../Core/Lib/Src/onewire.c:127:16:OneWire_ReadBit	24	static
../Core/Lib/Src/onewire.c:153:6:OneWire_WriteByte	24	static
../Core/Lib/Src/onewire.c:163:9:OneWire_ReadByte	24	static
../Core/Lib/Src/onewire.c:173:9:OneWire_First	16	static
../Core/Lib/Src/onewire.c:181:9:OneWire_Next	16	static
../Core/Lib/Src/onewire.c:186:6:OneWire_ResetSearch	16	static
../Core/Lib/Src/onewire.c:193:9:OneWire_Search	24	static
../Core/Lib/Src/onewire.c:306:5:OneWire_Verify	48	static
../Core/Lib/Src/onewire.c:346:6:OneWire_TargetSetup	24	static
../Core/Lib/Src/onewire.c:360:6:OneWire_FamilySkipSetup	16	static
../Core/Lib/Src/onewire.c:371:9:OneWire_GetROM	16	static
../Core/Lib/Src/onewire.c:375:6:OneWire_Select	24	static
../Core/Lib/Src/onewire.c:384:6:OneWire_SelectWithPointer	24	static
../Core/Lib/Src/onewire.c:393:6:OneWire_GetFullROM	24	static
../Core/Lib/Src/onewire.c:400:9:OneWire_CRC8	24	static
